---
last_run: 2026-03-19T16:00:00Z
tasks_completed: [903, 904, 905]
tasks_blocked: []
projects_touched: [nod2-variant-functional-impact]
---

## Context

- nod2-variant-functional-impact: Project in "development" stage (regressed from analysis after validation rejection). Completed 3 analyst tasks this run.
- **Task 904 (P5, done):** Designed augmentation strategy. Phase 1 adds 18 literature-verified variants (8 GOF from Blau/EOS, 10 LOF from functional screens). Sources: Kanazawa Blood 2005, Parkhouse Front Immunol 2015, Chamaillard 2003. Phase 1 achieves GOF≥13, LOF≥14 (from 5/5). No MaveDB NOD2 DMS data exists.
- **Task 903 (P4, done):** Resolved R587C conflict. Confirmed context-dependent: GOF in Blau (PMID 17968944) but LOF for MDP sensing (SURF). Recommended EXCLUDE from both training classes. Use as validation case.
- **Task 905 (P4, done):** Designed 2-stage feature restructuring. Stage 1 (pathogenic vs benign): 20 features, all except AlphaMissense. Stage 2 (GOF vs LOF): 12 structural/domain features only, no pathogenicity predictors. AlphaMissense removed entirely (AUC=0.474, counterproductive).
- Created task #1038 for research_director to review all three decisions
- Updated data_curator task #896 with specific variant lists for augmentation
- Updated developer task #897 with full 2-stage model feature spec
- **Blocking dependency:** Tasks 896 (data augmentation) and 897 (2-stage model) must complete before analyst can re-run analysis. No pending analyst tasks remain.
- Next: await augmented training set + 2-stage model, then re-run full analysis cycle
