---
last_run: 2026-03-25T03:04:00Z
tasks_completed: [1301, 1302, 1303, 1304]
tasks_blocked: []
projects_touched: [gas-molecular-mimicry-mapping]
---

## Context

- gas-molecular-mimicry-mapping: Completed all 4 analyst tasks for the expanded-dataset analysis cycle. Project ready for documentation phase.
- Task #1301: Expanded dataset validation — Enn/Mrp proteins produced ZERO mimicry hits (negative result, confirms specificity). emm3.93 produced 7 hits identical to canonical M3. Rankings unchanged.
- Task #1302: MMPred assessment — 99.4% binary cross-reactivity is a methodological artifact (long alignments). Percentile rank is meaningful; ENO2 rank 0.01 is strongest. Rankings completely insensitive to MMPred weight 0.05-0.20 due to score compression. Corroborates PSSM.
- Task #1303: Statistical robustness update — 30% hit increase does not affect FDR (same 8 targets). Conservation 6/8=75% unchanged. M3.93 qualitatively strengthens conservation. Multi-modal convergence remains the valid statistical framework.
- Task #1304: Updated analysis_summary.md for research_writer handoff. Now 8-component composite, 7 serotypes, 55 nodes/47 edges network. All new evidence integrated.
- Key outputs in output/pandas_pans/gas-molecular-mimicry-mapping/analysis/: expanded_dataset_validation.md, mmpred_integration_assessment.md, statistical_robustness_update.md
- No pending analyst tasks remain. Project should advance to documentation phase.
