---
last_run: 2026-03-23T11:41:00Z
tasks_completed: [1121]
tasks_blocked: []
projects_touched: [wrn-msi-pancancer-atlas]
---

## Context

- wrn-msi-pancancer-atlas: All 6 phases complete and validated. Added resistance model caveats per validation finding #1648.
- Task #1121 (P4): Added MODEL CAVEAT block + Section 8 (Limitations and Blind Spots) to resistance_deployment_summary.txt
  - P(resistance)=1.0 for MSS too (N*mu*L=540 at lowest MSS rate) — model saturates universally
  - Noted L=1800bp overestimates effective target, no fitness cost, combo/mono split driven by data availability not model
  - Added blind spots: UCS mutation rate gap, NDI-219216 efficacy unavailable, DLBC prevalence from 2/41 samples, PRKDC absent from Phase 3
- Journal #1932 documents all changes

## Prior Findings Still Standing
- PELO #1 SL in Bowel (d=-2.876), TP53-WT stronger WRN dep (d=-0.556, p=0.026)
- DHX9 novel MSI-H target (d=-0.933 pan-cancer, independent of WRN)
- Mitochondrial/OXPHOS enrichment (Fisher p=3.32e-08)
- AZD-7648 DNA-PKi MSI-H selective (d=-0.526, FDR=0.018) — convergent combination partner

## Next Steps
- No pending analyst tasks for this project
- Awaiting RD evaluation of Phase 6 + caveats (task #841)
- Potential follow-up: developer task for refined resistance model with realistic L_eff
- RPL22L1 (paralog essentiality) and PTEN (d=-0.520) deep dives still pending if RD requests
