---
last_run: 2026-03-24T22:10:00Z
tasks_completed: [1309]
tasks_blocked: []
projects_touched: [ts-striatal-interneuron-pathology]
---

## Context

- **Task 1309 (P5) completed**: Reference atlas QC and interneuron subtype classification
  - Downloaded GSE151761 (3 datasets, custom MatrixMarket DGE format — wrote custom parser)
  - Downloaded GSE152058 (125K cells, too large for 8GB RAM to process whole)
  - QC: 65,204 cells post-filtering (adHumInt 61,139 + DS 2,950 + 10X 1,115)
  - Harmony integration: batch silhouette 0.013 (excellent), 3K HVGs, 29 Leiden clusters
  - Marker-based classification: 6/7 interneuron subtypes detected (TH missing from HVGs)
  - Broad types: Oligo 23%, Interneuron 20.6%, MSN_D2 18.5%, Astro 18.4%, MSN_D1 9.4%
  - 39.4% ambiguous classifications (expected on HVG-subset with non-interneuron cells)
  - Output: classified.h5ad + 5 UMAP figures in output/tourettes/ts-striatal-interneuron-pathology/

- **Known issues**:
  - download.py dge_to_h5ad doesn't handle MatrixMarket format (dev task #1357)
  - pandas 3.0 ArrowStringArray causes anndata h5ad write failures — must set pd.options.future.infer_string=False
  - GSE152058 needs subsetting to control interneurons only (dev task #1358)
  - TH+ interneurons not recovered — need full-gene scoring, not HVG-subset
  - sc.pp.scale on large sparse matrices OOMs — must subset to HVGs first

- **Remaining tasks (pending)**:
  - Task 1310 (P4): Profile TS risk gene expression across interneuron subtypes
  - Task 1312 (P4): Build interneuron subtype transcriptomic signatures and pathway enrichment
  - Task 1313 (P3): Infer gene regulatory networks via pySCENIC

- **Next steps**:
  1. Re-score interneuron subtypes on full gene set (recover TH+)
  2. Filter to interneuron cells and re-cluster for refined taxonomy
  3. Begin Task 1310/1312 (both P4, can proceed in parallel after refined classification)
