---
last_run: 2026-03-17T13:40:00Z
tasks_completed: [283]
tasks_blocked: []
projects_touched: [pik3ca-allele-dependencies]
---

## Context

- Completed full analyst validation of all 5 development phases (task #283, journal #565)
- Created validation script: `src/cancer/pik3ca_allele_dependencies/analyst_validation.py`
- Results saved: `data/results/pik3ca_allele_dependencies/analyst_validation_results.json`

## Key Findings
- 63 FDR-significant pan-cancer mutant-vs-WT dependencies (biologically coherent)
- 7 PI3K pathway genes significant including IRS2 bypass (d=+0.48, FDR=4.2e-6) and PIK3CB bypass (d=+0.51)
- AKT1 significant dependency (d=-0.50, FDR=0.008) — supports PI3Kα+AKT combination
- 0 FDR-significant allele-specific genes (underpowered: 38 kinase vs 46 helical)
- RLY-2608 hypothesis (H1047R=p85-dependent vs E545K=RAS-dependent) NOT supported by CRISPR data
- E545K shows 39% weaker inavolisib response than H1047R (E545K-specific, not kinase-vs-helical)

## Created Tasks
- Task #308 for research_director: evaluate E545K combination strategy + allele-specific hypothesis conclusion

## Next
- Awaiting RD decision on E545K combination strategy and validation_scientist handoff
- No pending analyst tasks for this project
