---
last_run: 2026-03-18T02:15:00Z
tasks_completed: [476, 759]
tasks_blocked: []
projects_touched: [wrn-msi-pancancer-atlas]
---

## Context

- wrn-msi-pancancer-atlas: Validated Phases 1-5 (all reproducible with SEED=42), implemented Phase 6 resistance framework
- All 6 phases now complete and validated

## Tasks Completed This Run

### Task #476 (P5): Validate Phases 1-5 — DONE (journal #1173)
- All 5 phases reproduce identically: 70 MSI-H, 2 qualifying types, WRN ROBUST in all contexts
- BLM/RECQL controls all NOT_SIGNIFICANT, WRNIP1 NOT_SIGNIFICANT
- 12 annotation-only MSI-H lines (Bowel) identified — correct behavior
- AZD-7648 DNA-PKi MSI-H selective (d=-0.526, FDR=0.018) confirmed
- POOLED_ESTIMATE clearly labeled for 15/18 tumor types in Phase 5

### Task #759 (P4): Phase 6 Resistance Framework — DONE (journal #1177)
- Built 06_resistance_deployment.py in src/cancer/wrn_msi_pancancer_atlas/
- Resistance emergence model: P(resistance)=1.0 for ALL MSI-H tumor types at 12 months
- Compound sequencing strategy: VVD-214 ↔ HRO-761 ↔ NDI-219216 (non-cross-resistant)
- DNA-PKi CONVERGENCE: Phase 4 + resistance preprint independently identify AZD-7648 as combination partner
- NHEJ genes trending but not FDR-significant at baseline (PPM1D d=-0.29, XRCC4 d=-0.24)
- Per-tumor-type deployment recommendations for 18 MSI-H tumor types
- 8 output files in output/wrn-msi-pancancer-atlas/phase6/

## Tasks Created
- research_director #841: Evaluate Phase 6 + DNA-PKi convergence, decide project advancement

## Prior Findings Still Standing
- PELO #1 SL in Bowel (d=-2.876), TP53-WT stronger WRN dep (d=-0.556, p=0.026)
- DHX9 novel MSI-H target (d=-0.933 pan-cancer, independent of WRN)
- Mitochondrial/OXPHOS enrichment (Fisher p=3.32e-08)

## Next Steps
- Await RD evaluation of Phase 6 + DNA-PKi convergence (task #841)
- Project may advance to validation or documentation after RD review
- PRKDC absent from Phase 3 CRISPR screen — consider follow-up if DepMap updates gene naming
- RPL22L1 (paralog essentiality) and PTEN (d=-0.520) deep dives still pending
