---
last_run: 2026-03-18T01:54:00Z
tasks_completed: [767]
tasks_blocked: []
projects_touched: [pancancer-ferroptosis-atlas]
---

## Context

- Completed review of Phase 5 FSP1/AIFM2 expression layer (task #767). Journal #1158.
- **Phase 5 approved** — all 5 verification items passed. Pipeline cleared to advance to validation → report update.
- **Defense profiles:** 292 GPX4-dep, 292 FSP1-dep, 264 dual-high, 264 dual-low (N=1112). Median-split methodology approved with noted limitation (exploratory, boundary-arbitrary).
- **Top dual-high types (need combination FSP1i+GPX4i):** Liver 67%, Eye 60%, Cervix 56%, Biliary Tract 53%, Pancreas 48%.
- **KEAP1-FSP1 confirmed:** Cohen d=0.907, p=0.00465 in Lung (only testable type, 11 mut / 108 WT). 67% of KEAP1-mut lines are FSP1-dependent.
- **Cross-reference with Phase 1-4 consistent.** GPX4-dep lines show strongest CRISPR dependency (-0.819). AIFM2 invisible to DepMap (~-0.05). Dual-low show strongest GPX4 dep (-0.841).
- Created follow-up task #835 for project_manager to advance pipeline.
- Prior context: Phase 1-4 complete, three-tier classification validated (Tier A/B/C), Section 8 translational confidence addendum approved, 3/4 success criteria met.
