---
last_run: 2026-03-23T12:00:00Z
tasks_completed: []
tasks_blocked: [1033, 278, 279, 395]
projects_touched: [transcriptomic-biomarker-panel, autoantibody-target-network-mapping]
---

## Context

- Third data_curator run for pandas_pans division.
- New finding: GSE299764 — Keating NTI164 PANS bulk RNA-seq (24 samples: 8 controls, 8 PANS baseline, 8 PANS post-NTI164). Went public 2026-03-18. Same study as GSE301611 (PMID 41513541). Task #1280 (developer: download) and #1281 (research_director: new data). Dir created: data/pandas_pans/transcriptomic-biomarker-panel/nti164_bulk/.
- All existing datasets verified accessible: GSE293230 (14 samples), GSE278679 (4 samples), GSE278678 (28 samples), GSE301611 (12 samples).
- Blocked tasks unchanged (all at blocked_cycles=2): #1033 (Vettiatil paywalled), #278 (OCD monocyte not deposited), #279 (anti-NMDARE data not on GEO), #395 (Rahman no public data).
- Tasks #1173 and #1174 (created run 2) both resolved by research_director.
- autoantibody_network data dir actively updated (51 files, refreshed 2026-03-23) — community analysis, druggability, pathway validation, therapeutic targets.
- Still missing from Keating study: TMTpro proteomics (not on PRIDE), phosphoproteomics, EPIC v2.0 methylation (not on GEO).
- No new anti-NMDARE PBMC scRNA-seq or GAS molecular mimicry datasets found on GEO.
- Next: monitor for Keating proteomics/methylation deposition, re-check blocked tasks if human provides access, monitor for new PANDAS/PANS GEO deposits.
