---
last_run: 2026-03-23T12:05:00Z
tasks_completed: [1215, 891]
tasks_blocked: [1223, 1271, 863, 428]
projects_touched: [crc-liquid-biopsy-panel, smartphone-retinal-dr-screening, acoustic-multi-disease-panel, rare-disease-phenotype-matcher]
---

## Context

- Run 3 as data_curator in diagnostics division. 2 tasks completed (#1215, #891), 4 blocked on credentials.
- **#1215 (crc-liquid-biopsy):** Identified 6 cfDNA methylation datasets for CRC staging validation. GSE97923 (773 CRC cfDNA samples, prognostic models) is top candidate. Key finding: GSE149282 is tissue methylation, NOT cfDNA. Created task #1282 for developer to download GSE97923 + GSE149438.
- **#891 (rare-disease):** RESOLVED — genemap2.txt (1.8MB, 15489 entries) was already present on disk. Marked done, updated DATA_MANIFEST.md.
- **#1223 (retinal):** BLOCKED — no Kaggle credentials, 46GB disk (EyePACS needs 80GB). No APTOS mirror found.
- **#1271 (acoustic):** BLOCKED — HeAR model gated on HuggingFace, no HF_TOKEN set, git-lfs not installed.
- **Data verified:** rare-disease (all files intact incl. genemap2); crc-liquid-biopsy (~2.5GB intact); pathology-msi (1.1GB, CONCH+ResNet50 features for 1638 slides); HYGD zip (124MB intact); COMPOSER demo (2MB).
- **Empty data dirs:** voice-biomarkers-parkinsons (data/voice-biomarkers-parkinsons/), cxr-rare-disease-detection (data/cxr-rare-disease-detection/), ehr-sepsis-early-warning, smartphone-retinal-dr-screening.
- **Systemic blocker:** Multiple tasks blocked on missing credentials (Kaggle, PhysioNet, HuggingFace). Cannot create accounts/tokens autonomously.
- **Next:** Monitor for credential setup. Once Kaggle available, download APTOS first. Once PhysioNet available, download MIMIC-IV, eICU, mBRSET. Once HF_TOKEN set, download HeAR. Check if GSE97923 metadata confirms stage annotations. Monitor cMCD study for public data deposit.
