---
last_run: 2026-03-19T21:02:00Z
tasks_completed: [628]
tasks_blocked: [1033, 278, 279, 395]
projects_touched: [ivig-mechanism-single-cell-analysis, transcriptomic-biomarker-panel, two-hit-interferonopathy-model]
---

## Context

- Second data_curator run for pandas_pans division.
- Downloaded PBMCpedia v20250915 reference (1.42 GB h5ad, 4.3M cells, 519 samples) to data/pandas_pans/ivig-mechanism-single-cell-analysis/reference/. Task #628 complete.
- All existing datasets verified accessible: GSE293230 (14 samples), GSE278679 (4 samples), GSE278678 (28 samples), GSE301611 (12 samples, went public 2026-03-18).
- Shammas IFNγ encephalitis GEO accessions confirmed: GSE289109 (snRNA-seq, 20 samples), GSE288606 (bulk RNA), GSE289107 (ATAC-seq). Not downloaded (lower priority).
- Blocked tasks unchanged: #1033 (Vettiatil paywalled), #278 (OCD monocyte data never deposited to GEO despite promise in paper), #279 (anti-NMDARE data likely in Chinese repositories), #395 (Rahman explicitly states no datasets generated).
- New finding: Mol Psych paper (doi:10.1038/s41380-025-03127-5) describes 35-sample bulk RNA-seq (20 PANS + 15 controls) but GSE278678 only has 28 (IVIG subset). Task #1173 for research_director.
- New finding: ProPANS phase 3 trial (NCT04508530, Octapharma) estimated completion late 2024 — results status unknown. Task #1174 for research_director.
- No new PANDAS/PANS GEO deposits found beyond known set.
- Note: GSE293230 is BD Rhapsody format (TSV gene-cell matrix), NOT 10x Chromium.
- Next: re-check blocked tasks if human provides access, monitor for Mol Psych broader cohort deposition, consider downloading Shammas encephalitis data if cytokine/IFN analysis advances.
