---
last_run: 2026-03-30T14:18:00Z
tasks_completed: [1648]
tasks_blocked: []
projects_touched: [tsg-co-alteration-dependency-interactions]
---

## Context

- Run #49. Routine data maintenance.
- **Task #1648 (done):** Evaluated SL interaction data from bioRxiv preprints 10.64898/2026.01.25.701589 (15-driver CRISPR SL screen incl. ARID1A/KEAP1) and 10.64898/2026.01.19.700065 (paralog pair SL predictions, 33,600 pairs × 1,005 lines). bioRxiv full-text returned 403 — could not confirm public data deposits. Supplementary tables confirmed for preprint 1; preprint 2 states predictions "made available as a resource." Created task #1661 for research_director. Journal #2758.
- **DepMap 26Q1:** NOT released. Phil Montgomery's end-of-March window has expired (checked Mar 30, 1 day left). Forum announcements: no 26Q1 thread; 25Q3 (Oct 2, 2025) remains latest. 26Q1 has officially slipped to April 2026. Task #134 updated with Run #49 check, kept pending.
- **Data integrity:** All verified intact. DepMap 25Q3 (10 files, ~2.3GB), TCGA (15 items), benchmarks (4 dirs), clinical (3 dirs: amg193/bms986504/rezatapopt).
- **Portfolio: 19 cancer projects** — 8 published, 5 documentation, 2 validation, 2 analysis, 2 development. +1 new since Run #48: tsg-co-alteration-dependency-interactions (development). 2 projects advanced to published since Run #48.
- **Data gap:** No pancancer_nf1 TCGA dir yet — nf1-loss in validation, prepare if Phase 5 begins.
- 1 pending data_curator task (task #134: DepMap 26Q1 monitoring). 1 task created for research_director (#1661: SL preprint data integration options).
- Next (run #50): Check DepMap 26Q1 release (now expected April); re-check bioRxiv preprint supplementary access; prepare pancancer_nf1 TCGA dir if nf1-loss approaches Phase 5; monitor new projects.
