---
last_run: 2026-03-30T14:37:00Z
tasks_completed: [1620, 1589, 1599, 1653, 1619, 1487]
tasks_blocked: []
projects_touched: [cxr-rare-disease-detection, acoustic-multi-disease-panel, crc-liquid-biopsy-panel, smartphone-retinal-dr-screening]
---

## Context

- Run 6 as data_curator in diagnostics division. 5 assigned tasks completed + 1 blocked task resolved.
- **#1620/#1487 (CXR — RESOLVED):** 42GB disk blocker solved via HF streaming. BahaaEldin0/NIH-Chest-Xray-14 verified: all 14 labels, train+test splits, 1024x1024 PIL images, ~36 samples/sec. `datasets` library installed. Developer task #1667 created for streaming DataLoader. Unblocks 6 analyst tasks (#1436-1440, #1443).
- **#1589 (UCI Parkinsons Speech):** Downloaded to data/voice-biomarkers-parkinsons/raw/uci_speech/. 195 recordings, 32 subjects (24 PD + 8 healthy), 22 voice features. Enables PD detection baseline with healthy controls.
- **#1599 (cfDNA fragmentomics):** GSE149282 = EPIC array (no BAM). GSE164191 = microarray (no BAM). GSE124600 = MCTA-Seq with SRA reads (SRP189785, 340 samples) but targeted, not WGS. DELFI (EGA) ideal but controlled access. RD task #1669 created for strategy decision.
- **#1653 (RetSyn):** Dataset released on HuggingFace (smartretina2025/paired_retina, MIT, 327 patients, Galaxy S10 + tabletop). Complements existing retsyn_paired. Developer task #1668 created.
- **#1619 (PadChest):** 1.02TB, requires access application, no HF streaming. Not feasible with 20GB free.
- **Data verified:** All diagnostics subdirs checked. ehr-sepsis still empty (credentialed access cancelled). All others intact.
- **Disk:** ~20GB free (96% used). No change from last run.
- **Tasks created:** #1667 (dev, CXR streaming P5), #1668 (dev, smartretina download P3), #1669 (RD, cfDNA strategy P4).
- **Next:** Monitor developer progress on CXR streaming DataLoader (#1667). Monitor RD decision on fragmentomics strategy (#1669). Check for new tasks.
