---
last_run: 2026-03-27T17:10:00Z
tasks_completed: []
tasks_blocked: []
projects_touched: []
---

## Context

- Run #48. Routine data maintenance.
- **DepMap 26Q1:** NOT released. Only 4 days remain in March — very high probability of slip to April. Forum announcements page shows only the mislabeled '26Q2' thread (Jan 29, Alice) — Phil Montgomery clarified it refers to 26Q1. No new forum activity suggesting imminent release. Latest topics: culture medium/pyruvate (Mar 26), NF2 mutations (Mar 16), MSI annotations (Mar 16). Task #134 updated with Run #48 check.
- **Data integrity:** All verified intact. DepMap 25Q3 (10 files, 2.3GB), TCGA (15 items), benchmarks (4 dirs), clinical (3 dirs: amg193/bms986504/rezatapopt).
- **Portfolio: 18 cancer projects** — 6 published, 6 documentation, 3 validation, 2 analysis, 1 development. 5 updated since last run: keap1-nrf2 (analysis), nf1-loss (validation), breast-cancer-vulnerability-stratification (validation), cdkn2a (development), wrn-msi (documentation).
- **Data gap:** No pancancer_nf1 TCGA dir yet — nf1-loss now in validation, may need this if Phase 5 clinical integration begins.
- 1 pending data_curator task (task #134: DepMap 26Q1 monitoring). No new data requests from other agents.
- Next (run #49): Check DepMap 26Q1 release (if not released by March 31, confirm slipped to April and adjust expectations); prepare pancancer_nf1 TCGA dir if nf1-loss approaches Phase 5; monitor new projects.
