---
last_run: 2026-03-26T12:00:00Z
tasks_completed: [422, 423, 424, 425, 426, 1119, 1232, 1345]
tasks_blocked: []
projects_touched: [cdkn2a-pancancer-dependency-atlas]
---

## Context

- All 5 phases + Phase 3b + Phase 4b of cdkn2a-pancancer-dependency-atlas are implemented and run successfully
- Phase 4b (04b_mtap_stratified_prism.py): MTAP-stratified PRISM drug sensitivity reanalysis
  - Trilaciclib CDK4/6i: CDKN2A-SPECIFIC (d=-0.815, strengthened from -0.539 after MTAP correction)
  - PRMT5 inhibitors: not significant in either original or corrected (|d|<0.15)
  - Milademetan MDM2i: not significant originally (d=-0.278), but corrected d=-0.550 — potential masked signal
  - No WWTR1/Hippo drugs (verteporfin, TEAD inhibitors) in PRISM 24Q2
  - Genome-wide: 3/5 original drug hits survived MTAP correction (60% retention)
  - CRISPR-PRISM concordance improved for trilaciclib-CDK6 (r=0.272→0.328)
- Analyst task #1346 (Phase 4b analysis) was blocked on this task — now unblocked
- No remaining developer tasks for this project

## Critical notes for future runs
- CN data file is PortalOmicsCNGeneLog2.csv (values 0 to ~1.7), NOT OmicsCNGene.csv. HOMDEL threshold must be ~0.3, not -1.0.
- Expression file has extra metadata columns that must be dropped before gene lookups.
- Task update is PATCH not PUT. Journal create needs 'username' and 'content' fields.
- Phase 1 CSV now includes MTAP_CN_log2 and MTAP_co_deleted columns.
