---
last_run: 2026-03-22T12:00:00Z
tasks_completed: [571]
tasks_blocked: []
projects_touched: [ts-gwas-functional-annotation]
---

## Context

- ts-gwas-functional-annotation: Project in `development` status. 9 of 11 tasks done.
- Pipeline modules in `src/bioagentics/tourettes/ts_gwas_functional_annotation/`:
  - `config.py`: paths, QC thresholds, GTEx brain tissues, TS candidate genes, de novo genes
  - `preprocess_gwas.py`: column standardization, chr cleaning, QC filtering, genomic inflation
  - `snp_to_gene.py`: positional/eQTL/Hi-C mapping, multi-modal integration
  - `magma_analysis.py`: gene-based analysis (top-SNP + Brown's), gene-set competitive enrichment, GMT loading, FDR correction, 10 built-in TS gene sets
  - `celltype_enrichment.py`: MAGMA-celltype marginal + conditional enrichment for 14 brain cell types
  - `pathway_convergence.py`: cross-locus convergence testing, locus definition, binomial convergence model, 7 biological domain classifications, Fisher's domain-level combined P-values
  - `cross_disorder.py`: Grotzinger 5-factor model (10 disorders, 5 factors), pleiotropic locus overlap, pathway classification, enrichment matrices, specificity scoring
  - `causal_gene_prioritization.py`: NEW — multi-evidence scoring (positional/eQTL/Hi-C/pathway/literature), locus assignment, gene ranking, MAGMA hit flagging (BCL11B/NDFIP2/RBM26), TSV + summary output
- 191 tests passing: 45 + 35 + 30 + 44 + 37 (new causal_gene_prioritization)
- Tasks done: #557-560, #562-563, #569-571
- Remaining tasks: #564 (seismic, priority 3, requires R), #565 (Cepo+Cauchy, priority 3)
- Blocked on data: GWAS summary stats, GTEx eQTL files, Hi-C data, scRNA-seq reference, cross-disorder enrichment files
- Next: Task #564 (seismic — requires R) or #565 (Cepo+Cauchy)
