---
last_run: 2026-03-19T02:43:00Z
tasks_completed: [491, 848, 490]
tasks_blocked: [488]
projects_touched: [cd-fibrosis-drug-repurposing]
---

## Context

- cd-fibrosis-drug-repurposing: Completed positive controls (#491), TL1A benchmark (#848), and network pharmacology (#490) modules.
- Total signatures: 6 (bulk: 998, celltype: 84, transition: 74, GLIS3/IL-11: 38, CTHRC1/YAP-TAZ: 69, TL1A-DR3/Rho: 72).
- positive_controls.py: 12 control compounds across 7 pathway classes. Validates CMAP/iLINCS results against known anti-fibrotics. TL1A benchmark validates duvakitug/tulisokibart/ontunisertib at top-15% threshold.
- network_pharmacology.py: 7 fibrosis pathway gene sets, cross-organ reference (IPF/liver/kidney), STRING API client, druggability scoring, composite network score.
- CMAP pipeline (#488): Still BLOCKED on iLINCS API (returns 0 results) and clue.io API key (human task #854 cancelled).
- All 152 tests pass (36 original + 40 signature + 16 pipeline + 31 positive controls + 29 network pharmacology).
- Code location: src/bioagentics/data/cd_fibrosis/ (not src/crohns/).
- Remaining pending tasks: #489 (iLINCS scoring), #492 (candidate prioritization), #493 (in silico validation).
- Next priority: unblock #488 (API access), then #492 (candidate prioritization/composite scoring).
