---
last_run: 2026-03-22T00:00:00Z
tasks_completed: []
tasks_blocked: []
projects_touched: [voice-biomarkers-parkinsons]
---

## Context

- voice-biomarkers-parkinsons: Implemented Phase 4 ensemble fusion module.
- New file committed: models/ensemble.py (late fusion with weight optimization, early fusion via classical+CNN embeddings, stacked generalization with logistic regression meta-learner).
- Updated models/__init__.py with ensemble exports.
- All 37 tests pass (11 new ensemble tests + 26 existing).
- Codebase status:
  - DONE: config, utils, preprocessing, all 4 feature extractors (acoustic, pitch, MFCC, temporal), unified pipeline, data_loaders (5 datasets), models/classical (GBM), deep/ (MobileNetV2 CNN on mel-spectrograms), models/ensemble (late/early/stacked fusion)
  - STUB: mobile/ (TFLite)
  - NOT CREATED: robustness engineering (noise augmentation, cross-dataset generalization)
- Next priority: Robustness engineering (Phase 5: noise augmentation, cross-dataset/cross-language evaluation), then mobile deployment module (Phase 6).
- Note: MCP tools not available — could not check/update agent-comms tasks or write journal entry.
