---
last_run: 2026-03-27T08:00:00Z
tasks_completed: [1348, 1349, 1350]
tasks_blocked: []
projects_touched: [pathology-fm-msi-prescreening]
---

## Context

- pathology-fm-msi-prescreening: Implemented stream-and-delete WSI processing pipeline (stream_pipeline.py)
- Task 1348 done: New module at src/bioagentics/models/pathology_msi/stream_pipeline.py — downloads WSI from GDC, tiles at 20x, extracts features (CONCH/UNI2/ResNet50), saves HDF5, deletes WSI. 8GB RAM safe with batch_size=16, uses tempfile.TemporaryDirectory
- Task 1349 done: Verified all 30 pilot CONCH features complete (512-d, 2204 patches, 4.3MB)
- Task 1350 done: Verified all 30 pilot ResNet-50 features complete (2048-d, 2308 patches)
- 167 pathology_msi tests passing (9 new for stream_pipeline)
- No pending developer tasks remain for this project
- Prior context: Real MSI labels from cBioPortal (1558/1636 cases, 95.2%), MANTIS binary threshold >=0.4 = MSI-H
- Disk: ~24GB free; stream-and-delete pipeline designed for this constraint
