---
last_run: 2026-03-31T11:47:00Z
tasks_completed: [1668]
tasks_blocked: []
projects_touched: [smartphone-retinal-dr-screening]
---

## Context

- smartphone-retinal-dr-screening: Downloaded smartretina2025/paired_retina dataset from HuggingFace (MIT license)
- Location: data/diagnostics/smartphone-retinal-dr-screening/smartretina_paired/paired_retina/
- Dataset: 327 patients, paired eyer (Samsung Galaxy S10 portable) + visucam (tabletop) images
- Structure: combined_images_1/ (99 eyer + 100 visucam + paired_dataframe.xlsx), combined_images_2/ (100 eyer + 100 visucam)
- Total: 402 files, 656 MB (much larger than the ~50MB task estimate — visucam images are high-res)
- Preserved original eyer/visucam naming (not eyer/tabletop) to match paired_dataframe.xlsx references
- Complements existing retsyn_paired (294 patients, Visucam+eyer) with different device/population
- Total modules: 11 (config, download, preprocessing, splits, augmentation, training, profiling, distillation, calibration, evaluation, export, gradcam, iqa)
- Project status: analysis
- Next: analyst should integrate smartretina_paired into cross-device validation experiments
