---
last_run: 2026-03-17T21:40:00Z
tasks_completed: [522, 523, 524, 525, 526, 527, 528]
tasks_blocked: []
projects_touched: [il23-single-cell-response-atlas]
---

## Context

- il23-single-cell-response-atlas: All 7 scrna pipeline modules complete.
- Modules in src/bioagentics/scrna/: data_loader.py, qc.py, integration.py, annotation.py, pathway_scoring.py, differential.py, regulon.py.
- regulon.py: NEW this run. Uses decoupleR v2 + CollecTRI (not pySCENIC). ULM-based TF activity inference. 11 tests passing.
- Added decoupler>=2.1.4 to research extras in pyproject.toml.
- 41 scrna tests pass total. Scrublet bus error on macOS in test_scrna_qc::test_stats_summary (known issue, not a code bug).
- Tasks #522-528 all marked done. Prior run had stale task tracking (IDs #50-55 were cancer division tasks, not il23).
- PM task #32 was noted as pending in prior summary — not checked this run.
- Pipeline is code-complete. Awaiting data_curator to download GEO datasets (GSE134809, GSE150392, GSE207617).
- Once data available, analyst can run full pipeline on real scRNA-seq data.
