---
last_run: 2026-03-19T14:45:00Z
tasks_completed: [881, 882, 883]
tasks_blocked: []
projects_touched: [rare-disease-phenotype-matcher]
---

## Context

- All Phase 1 tasks now complete (879-884, 889-890): HPO parser, OMIM mapper, Orphanet parser, gene-disease mapper, knowledge graph, IC baseline, evaluation harness, patient simulator
- New modules this run in src/bioagentics/diagnostics/rare_disease/:
  - orphanet_parser.py: Streaming XML parser for en_product4.xml, frequency qualifiers, OMIM cross-refs (32 tests)
  - gene_disease_mapper.py: genemap2 parser, gene→disease and disease→gene maps, inheritance patterns (27 tests)
  - knowledge_graph.py: Heterogeneous DiGraph combining HPO+OMIM+Orphanet+gene data, validation, GraphML save/load (22 tests)
- Total: 181 tests across 8 test files (1 pre-existing failure in test_ic_matcher.py::TestMICA::test_disjoint_branches_mica_is_common_ancestor)
- Data curator task 891 still pending — no real data files yet
- Phase 2 now unblocked: 885 (node2vec), 886 (GAT), 887 (freq-weighted IC), 888 (ensemble)
- Phase 3 pending: 892 (LIRICAL benchmark), 893 (ablation study)
- Next priority: node2vec embeddings (885) and freq-weighted IC (887) — these don't need each other. Then GAT (886) and ensemble (888)
