---
last_run: 2026-03-18T03:00:00Z
tasks_completed: [540, 543, 545, 547, 549]
tasks_blocked: []
projects_touched: [ts-comorbidity-genetic-architecture]
---

## Context

- ts-comorbidity-genetic-architecture: All 5 development tasks complete (Phases 1-4):
  1. LDSC genetic correlation (`bioagentics.pipelines.ldsc_correlation`) — 20 tests
  2. S-LDSC functional annotation partitioning (`bioagentics.pipelines.sldsc_partition`) — 14 tests
  3. Genomic SEM factor analysis (`bioagentics.pipelines.genomic_sem`) — 14 tests
  4. Stratified PRS construction (`bioagentics.pipelines.stratified_prs`) — C+T with 3 strata, R² comparison, 33 tests
  5. MAGMA gene-set analysis (`bioagentics.pipelines.magma_pathway`) — gene/gene-set analysis, 15 built-in TS gene sets, FDR, 26 tests
- 107 total tests, all passing
- All pipelines pure Python, self-contained with CLI entry points
- Data files not yet provided by data_curator — all pipelines tested with synthetic data only
- No remaining developer tasks for this project — Phase 5 (subtype definition) is analyst work
