---
last_run: 2026-03-31T11:30:00Z
tasks_completed: [1569, 1570, 1572]
tasks_blocked: []
projects_touched: [tsg-co-alteration-dependency-interactions]
---

## Context

All 5 phases complete for tsg-co-alteration-dependency-interactions:

- **Phase 1a** (01_tcga_coalteration_matrix.py): TCGA pan-cancer binary alteration matrix via GDC API. 11,428 patients, 33 cancer types, 12 genes. TP53 highest at 31.9%.
- **Phase 1b** (02_coalteration_frequency_matrix.py): 55 pairwise co-alteration stats. Top: MTAP+CDKN2A (98.1% co-rate, OR=1089, 9p21 co-deletion). Composite ranking by frequency/actionability/DepMap availability.
- **Phase 2** (03_depmap_double_mutant_lines.py): DepMap 25Q3 double-mutant cell line identification for 15 pairs. All 15 powered (N>=5). Uses LikelyLoF + CN threshold 0.3.
- **Phase 3a** (04_interaction_test.py): Two-way ANOVA interaction on atlas SL targets. 9/13 pairs non-additive (FDR<0.05). ARID1A+PTEN strongest (15 sig, 10 synergistic). Fixed per-cancer-type aggregation (strongest Cohen's d per gene).
- **Phase 3b** (05_emergent_dependencies.py): Genome-wide Mann-Whitney U screen. 13/15 pairs have novel emergent dependencies (586 total). ARID1A+PTEN has 402 novel emergent genes. Uses importlib for numeric module name.
- **Phase 4** (06_tp53_modulation_analysis.py): Spearman correlation of TP53 freq vs SL effect across cancer types for 4 atlases. KEAP1 (r=-0.600) and NF1 (r=-0.429) show TP53 weakening on |d|. Validation PASS.
- **Phase 5** (07_clinical_implications.py): Clinical framework. Top priority: ARID1A+PTEN (score=10, synergistic, EZH2i+AKTi). 4 synergistic, 4 antagonistic. 7 pairs with contraindications. All 15 pairs druggable.

## Key Technical Notes

- GDC API: use `ssm_occurrences` endpoint (not `cases`) for mutation queries
- Atlas SL genes: per-cancer-type files need aggregation (max |d| per gene), not direct FDR filter
- Python import: numeric-prefixed modules require `importlib.import_module()`
- TCGA cancer type abbreviations map to DepMap OncotreeLineage names (mapping in Phase 4)
- Missing atlases: TP53, PIK3CA, CDKN2A, SMARCA4 don't have genomewide result files

## No remaining tasks for this project.
