---
last_run: 2026-03-23T11:40:00Z
tasks_completed: [1212, 1213, 1214]
tasks_blocked: []
projects_touched: [crc-liquid-biopsy-panel]
---

## Context

- crc-liquid-biopsy-panel: Lowered delta-beta threshold (0.3→0.2), built methylation classifier, and staging classifier.
- Module: src/bioagentics/diagnostics/crc_liquid_biopsy/ (11 files, added methylation_classifier.py, stage_classifier.py)
- Task 1212: DELTA_BETA_THRESHOLD 0.3→0.2 recovers BMP3, RASSF1, MGMT, APC. Signatures: 42,240 (was ~15K). cfDNA validated: 36,728. Panel AUC=0.896, sens@95spec=69.5% (was 47.7%). Cost $105.
- Task 1213: Methylation-only classifier using 298 cMCD gene CpGs (all 21 genes now covered). LOO-CV on GSE149282 (n=24): AUC=0.979, sens@95spec=83.3%. Combined protein+meth AUC=0.900 vs protein-only 0.866.
- Task 1214: Stage classifier (Early vs Advanced). 7,012 stage-discriminative CpGs. Staging AUC=0.774 vs detection CpGs 0.568 (+0.207). Top genes: MLF1, PPP2R2B, VCAN, PAX7, MDFIC. MDFI confirmed.
- No remaining developer tasks for this project.
