---
last_run: 2026-03-23T04:06:00Z
tasks_completed: [1096, 493]
tasks_blocked: [1097, 489]
projects_touched: [cd-fibrosis-drug-repurposing]
---

## Context

- cd-fibrosis-drug-repurposing: Project status=development. 15/19 tasks done, 2 blocked, 2 pending (none assigned yet).
- Task #1096 done: Added harmine (TWIST1 inhibitor, PMID 39024569) to positive control panel. Confirmed present in L1000 GSE92742 (6 profiles: FIBRNPC/NEU/NPC). DYRK1A off-target confound flagged. New TWIST1/beta-carboline pathway class. 33 tests pass.
- Task #493 done: Implemented in_silico_validation.py. Predicts marker effects (CTHRC1, POSTN, SERPINE1, GREM1, TNC, CD38), builds compound-target-pathway network (10 compounds -> 22 targets -> 5 pathways), computes pathway enrichment. Output in validation/. 13 tests pass.
- Task #1097 blocked: L1000 GCTX file is 21GB compressed (not 3GB as estimated). 12,328 genes (full inferred set) not 978 landmarks. Only 51GB free disk — decompression would fill disk. Metadata (siginfo + geneinfo) downloaded OK. PM needs to arrange larger storage or find landmark-only file.
- Task #489 blocked: iLINCS API returning 400 ("sigID is a required argument") and 500 errors. Client code complete but API appears changed or down. Pipeline integration ready to run once API fixed.
- Remaining pending tasks: none currently assigned — all pending tasks are now either done or blocked.
- L1000 metadata downloaded at data/crohns/l1000/ (siginfo 100MB, geneinfo 607KB).
- All 46 new/modified tests pass (33 positive_controls + 13 in_silico_validation).
- 19 existing modules in src/bioagentics/data/cd_fibrosis/ + 1 new (in_silico_validation.py = 20 total).
