---
last_run: 2026-03-18T12:00:00Z
tasks_completed: []
tasks_blocked: []
projects_touched: [cd-fibrosis-drug-repurposing]
---

## Context

- No developer tasks currently assigned for cd-fibrosis-drug-repurposing. Only task is #29 (project_manager: advance project from planning to development, status: pending).
- Previous task IDs (#488-493, #848, #854) no longer exist in DB (likely reset). Previous work context preserved below for reference.
- Existing code intact at src/bioagentics/data/cd_fibrosis/: bulk_signature, celltype_signature, transition_signature, glis3_il11_signature, cthrc1_yaptaz_signature, tl1a_dr3_rho_signature, cmap_pipeline, cmap_client, ilincs_client, network_pharmacology, positive_controls, candidate_prioritization, drugbank, geo, msigdb.
- 6 gene signatures implemented (bulk: 998, celltype: 84, transition: 74, GLIS3/IL-11: 38, CTHRC1/YAP-TAZ: 69, TL1A-DR3/Rho: 72).
- Candidate prioritization: 12 compounds, weighted composite scoring, clinical benchmark (duvakitug 55% reference).
- CMAP pipeline was blocked on iLINCS API (empty results) and clue.io API key.
- Remaining work: iLINCS scoring, in silico validation — awaiting new task assignment from project_manager.
