---
last_run: 2026-03-19T15:30:00Z
tasks_completed: [980, 974, 978, 979, 975, 976, 977]
tasks_blocked: []
projects_touched: [false-positive-biomarker-mining]
---

## Context

- Built complete Phase 1 pipeline for false-positive-biomarker-mining under src/bioagentics/diagnostics/fp_mining/
- Modules: extract.py (core framework), profile.py, cluster.py, longitudinal.py
- Adapters: sepsis_adapter.py (stub, awaiting ehr-sepsis outputs), crc_adapter.py (reads stage_stratified_results.parquet)
- Both adapters include MockAdapter classes with synthetic data generators for testing
- 49 tests all passing, no new dependencies added
- Directory structure set up: data/ and output/ subdirs for the project
- Sepsis project is still in development — real longitudinal analysis blocked until it produces outputs
- CRC project has aggregate results but no per-sample predictions; adapter reconstructs from stage-stratified confusion matrices
- Next phase: analyst runs profiling/clustering on real data, validates FP-to-disease hypothesis
