---
last_run: 2026-03-17T18:10:00Z
tasks_completed: [601, 602, 603]
tasks_blocked: []
projects_touched: [gas-molecular-mimicry-mapping]
---

## Context

- gas-molecular-mimicry-mapping: Completed data assembly + initial mimicry screen.
- Task 601: GAS proteomes downloaded for 6 serotypes (M1,M3,M5,M12,M18,M49) — 10,691 proteins. M5/M18 required UniParc fallback (redundant proteomes). Code: src/bioagentics/data/pandas_pans/gas_proteomes.py
- Task 602: Human targets curated — 328 proteins (8 known PANDAS targets + 320 UniProt basal ganglia). HPA API returned 0 (may need investigation). Code: src/bioagentics/data/pandas_pans/human_targets.py
- Task 603: DIAMOND screen — 45 filtered hits, 8 human targets. Known mimicry recovered: GAPDH (46.3%), DnaK/HSPA6 (49.3%), enolase/ENO2 (49.1%). Novel: PSMC6, AK9, MCCC1, NFS1, HSD17B7. DRD1/DRD2/tubulin NOT found (structural mimicry for task 609). Code: src/bioagentics/data/pandas_pans/mimicry_screen.py
- Remaining tasks: 604 (FasBCAX weighting), 606 (BepiPred), 607 (NetMHCIIpan), 609 (structural), 620 (serotype comparison), 622 (scoring), 624 (visualization) — all still pending.
- Dependencies: tasks 606-609 depend on 603 results (now available). Task 604 integrates with 622.
- Note: API journal field is 'content' not 'body'. API task update uses PATCH not PUT.
