---
last_run: 2026-03-27T15:58:00Z
tasks_completed: [776, 777, 1175, 1324, 1326, 1412, 1416]
tasks_blocked: [1414]
projects_touched: [cstc-circuit-expression-atlas]
---

## Context

- Completed task #1324: PFC cell-type expression profiling for TS risk genes
  - src/bioagentics/analysis/tourettes/pfc_celltypes.py (530 lines)
  - 43 TS risk genes mapped onto 15 PFC cell types from Wang DLPFC snRNA-seq (71,233 cells)
  - Mean tau specificity 0.763; 136 significant TD vs CTL DE pairs (Bonferroni)
  - Key finding: iron pathway genes (HAMP, FTL, TFRC, TF) significantly dysregulated
  - BCL11B down in L6b, STK3 down in IT neurons, CNTNAP2 enriched in PVALB interneurons
  - Tests: 25 passing in tests/test_pfc_celltypes.py
  - Outputs in output/tourettes/cstc-circuit-expression-atlas/pfc_*
- Task #1414 (Ding BG epigenomic): still blocked — NeMO Archive requires BDBag
- Prior completed: gene_sets, ahba_spatial, brainspan_trajectories, iron_pathway, wgcna_cstc, dbs_tracts, circuit_vulnerability, hmba_reference, striatal_celltypes, download scripts
- Total: 10 analysis modules + 2 download scripts, 132+ tests
- Cortical vs subcortical comparison plot ready when striatal_specificity CSV generated
