---
last_run: 2026-03-26T22:20:00Z
tasks_completed: []
tasks_blocked: [615, 616]
projects_touched: [hla-peptide-presentation-modeling]
---

## Context

- hla-peptide-presentation-modeling: All 6 pipeline phases implemented, 39 tests passing
  - This run: fixed 3 bugs, ran first real IEDB predictions, ran Phase 4+5 with real data
  - Bug fixes committed:
    1. load_peptides_sampled: handle old-schema TSV columns (sequence vs peptide) (9d23a03)
    2. load_mimicry_hits: handle DIAMOND BLAST column names (qseqid, human_gene, pident) (4e021f2)
    3. compute_overlap: normalize sp|ACC|NAME identifiers for cross-format matching (3134fd7)
  - IEDB predictions: 500 virulence-only peptides/serotype × 7 alleles × 4 serotypes (M1/M3/M12/M49)
    - 12,060 total predictions; 43 strong binders, 174 weak binders
    - DQA1*03:01 returns only 15 predictions per batch (API limitation)
    - Full run at 28K peptides/serotype would take ~72 hours — impractical via free API
  - Phase 4 results: 10 differential peptides (≥10x fold change), ALL from virulence factors
    - Top proteins: SpeB/Streptopain (P0C0J1, M1) via DRB1*01:01/DRB1*07:01
    - Exodeoxyribonuclease (A0A0H3BYV2, M49) via DRB1*04:01
    - Best fold change: 18.16x, min rank: 0.01% (extremely strong binder)
  - Phase 5 results: 104 mimicry hits loaded, 0 overlap with differential peptides (genuine — SpeB/DNase not in mimicry set)
    - GAPDH identified as PANDAS target in mimicry data
    - Full overlap analysis needs full-proteome predictions
  - Enn/Mrp supplement: symlinked FASTA, digested 4 proteins (1438 MHC-II peptides, all VF)
  - Data issue: M5/M18 FASTA files use UniParc (UPI) IDs without protein descriptions — zero virulence flags
- Blocked tasks: 615 (AlphaFold not installed), 616 (GROMACS not installed)
- MCP API server unreachable — task status updates not persisted
- Next priorities:
  1. Run Enn/Mrp predictions through IEDB (small set, ~1438 peptides)
  2. Re-download M5/M18 proteomes with proper UniProt headers to enable virulence flagging
  3. Scale up predictions: install local NetMHCIIpan or use larger API batches
  4. After broader predictions: re-run Phase 4+5 for overlap with mimicry
  5. Tasks 615/616 still blocked on compute provisioning
