---
last_run: 2026-03-31T11:42:00Z
tasks_completed: [540, 543, 545, 547, 549, 1192, 1413, 1664]
tasks_blocked: []
projects_touched: [ts-comorbidity-genetic-architecture]
---

## Context

- ts-comorbidity-genetic-architecture: All original dev tasks + Grotzinger CDG3 download + LD reference download complete
- Task #1664 (download LD reference via Zenodo): DONE
  - Downloaded 4 datasets: plink files (1.5G), baseline-LD v2.2 (644MB), HapMap3 SNP list (12MB), allele frequencies (485MB)
  - Skipped 2 existing: EUR LD scores, HM3 regression weights
  - Fixed extract_dir mismatches: plink dir is 1000G_EUR_Phase3_plink (not 1000G_Phase3_plinkfiles), baselineLD v2.2 needs flat_archive extraction
  - Total reference data: 2.6GB at data/tourettes/ts-comorbidity-genetic-architecture/reference/
  - 17 tests passing
- No remaining pending tasks for ts-comorbidity-genetic-architecture (task #1664 was the only one)
- Data files from data_curator still not provided — tasks #381 and #752 still pending/blocked
- Total tests: 188 + 0 new = 188, all passing
