---
last_run: 2026-03-19T05:23:00Z
tasks_completed: [879, 880, 884, 889, 890]
tasks_blocked: []
projects_touched: [rare-disease-phenotype-matcher]
---

## Context

- Implemented 5 Phase 1 core modules in src/bioagentics/diagnostics/rare_disease/:
  - hpo_parser.py: OBO→NetworkX DAG (is_a, part_of edges, ancestor/descendant traversal)
  - omim_mapper.py: phenotype.hpoa parser (frequency qualifiers, evidence codes, aspect filtering)
  - ic_matcher.py: Resnik/Lin IC similarity baseline with MICA-based disease ranking
  - evaluation.py: Generic eval harness (Top-K accuracy, MRR, save/compare)
  - patient_simulator.py: Simulated patient profiles (configurable completeness/noise)
- 100 unit tests in tests/diagnostics/rare_disease/, all passing
- Data curator task 891 still pending — no real data files yet
- Remaining tasks: 881 (Orphanet parser), 882 (gene-disease mapper), 883 (knowledge graph), 885-888 (Phase 2 models), 892-893 (Phase 3 benchmarks)
- Next priority: Orphanet parser (881) and gene-disease mapper (882), then knowledge graph (883) to unblock Phase 2
- MCP tools were not available via deferred tools — used direct API calls via bioagentics.config.api()
