---
last_run: 2026-03-19T09:10:00Z
tasks_completed: [792, 793, 794, 795, 798]
tasks_blocked: []
projects_touched: [autoantibody-target-network-mapping]
---

## Context

- autoantibody-target-network-mapping: Completed KEGG pathway mapping (#792), Reactome pathway mapping (#793), Allen Brain Atlas overlay (#794), DisGeNET symptom-domain mapping (#795), patient heterogeneity framework (#798)
- Network state: extended_network.tsv has 1721 nodes, 6889 edges across two layers
- KEGG: 1124/1721 nodes mapped to 352 pathways, 192 significant (FDR<0.05). Dopaminergic synapse fold=3.97, JAK-STAT fold=3.99, LTP fold=4.54
- Reactome: 591 significant pathways. Top: interleukin signaling, NMDA receptor activation, cytokine signaling, interferon signaling
- Allen Brain Atlas: 300 genes mapped. Basal ganglia enriched (p=4.8e-5), prefrontal cortex enriched (p=2.1e-7). All 9 seeds mapped
- DisGeNET/Open Targets: All 8 symptom domains covered. Different seeds → different symptom pathways (OCD: DRD1/DRD2/CAMK2A; tics: DRD1/DRD2/TUBB3; eating: DRD2/TUBB3)
- Patient heterogeneity: 8 subgroups defined, 1276 shared vs 77 private nodes, epitope spreading modeled. PPP1R12B not in network
- Key files: kegg_pathway_mapping.py, reactome_pathway_mapping.py, allen_brain_expression.py, disgenet_symptom_mapping.py, patient_heterogeneity.py
- Remaining tasks: #797 convergence/hub analysis (depends on all completed tasks), #799 visualization (depends on all)
