---
last_run: 2026-03-19T19:30:00Z
tasks_completed: [892, 893]
tasks_blocked: []
projects_touched: [rare-disease-phenotype-matcher]
---

## Context

- Phase 3 (tasks 892, 893) now complete — all evaluation infrastructure built
- New Phase 3 modules in src/bioagentics/diagnostics/rare_disease/:
  - phenopacket_loader.py: GA4GH phenopacket-store parser, streaming iterator, loads 9,588 cases into BenchmarkCase objects (23 tests)
  - benchmark_runner.py: RankFn adapters for all 5 matchers (IC, freq-IC, node2vec, GAT, ensemble), comparative evaluation with JSON reports (10 tests)
  - ablation_study.py: systematic completeness x noise grid evaluation, metrics tables, single-dimension stratified analysis (9 tests)
- Total: 295 tests across 15 test files, all passing
- Data available: hp.obo, phenotype.hpoa, orphanet XML, phenopacket_store (9,588 cases) — all downloaded by data curator
- OMIM genemap2 still blocked (task 891) — needs human to obtain OMIM API key
- Phase 3 code is ready to run evaluations; actual benchmark execution requires analyst to build the knowledge graph from data files, train matchers, and run evaluation pipelines
- Next: PM should advance project to analysis status; analyst tasks for Phase 4 (clinical utility analysis)
