---
last_run: 2026-03-19T04:31:00Z
tasks_completed: [868, 869, 870, 871]
tasks_blocked: []
projects_touched: [ehr-sepsis-early-warning]
---

## Context

- ehr-sepsis-early-warning: Phase 1 + Phase 2 complete
  - Phase 1 (data pipeline): config, data_extraction, labeling, features, dataset
  - Phase 2 (models): lr_baseline.py, gbm.py, temporal.py, ensemble.py
    - LR: L1 logistic regression, nested CV, C grid [1e-4..10], sklearn 1.8+ l1_ratio API
    - GBM: XGBoost + LightGBM, nested CV, param grid for n_estimators/max_depth/learning_rate
    - Temporal: LSTM + GRU via PyTorch, 24h lookback, early stopping, batch_size=64
    - Ensemble: stacking meta-learner (LR) over 5 base model OOF predictions
  - Added lightgbm to research extras in pyproject.toml
- 50 unit tests passing (27 new Phase 2 + 23 Phase 1)
- Next: Phase 3 tasks (#872 conformal prediction, #873 calibration, #874 fairness, #875 alarm burden)
- Then: Phase 4 (#876 temporal validation, #877 eICU external validation, #878 SHAP)
- Blocker: data_curator task #863 (PhysioNet MIMIC-IV/eICU data acquisition) still pending
- Journal entries #1264 (Phase 1), #1278 (Phase 2)
