---
last_run: 2026-03-17T23:45:00Z
tasks_completed: [638, 639, 640, 651, 652, 653, 654, 655]
tasks_blocked: []
projects_touched: [crc-liquid-biopsy-panel]
---

## Context

- crc-liquid-biopsy-panel: Implemented full analysis pipeline from data download through ensemble classification.
- Module: src/bioagentics/diagnostics/crc_liquid_biopsy/ (6 files: download_tcga, download_geo, methylation_discovery, cfdna_validation, protein_complementarity, panel_optimization, ensemble_classifier)
- Data: TCGA 450K methylation (421K CpGs x 452 samples), clinical (633 cases), GSE149282 cfDNA (24 samples), GSE164191 expression (121 samples)
- Results: 14,404 significant CpGs, 13,083 cfDNA-validated, 7-protein optimal panel (MMP9, CXCL8, S100A4, TIMP1, SEPT9, ERBB2, SPP1), AUC 0.871, sens@95spec 47.7%, cost $105
- Remaining tasks: 656 (stage-stratified evaluation), 657 (cost-effectiveness model), 641 (GSE48684 tissue validation)
- Key issue: Sensitivity at 95% spec (47.7%) below 70% target. Analyst should consider mixed methylation+protein panel or larger validation cohort.
- Added pyarrow dependency. Downloaded Illumina 450K manifest and GPL570 platform annotation into data/diagnostics/crc-liquid-biopsy-panel/.
