---
last_run: 2026-03-19T12:00:00Z
tasks_completed: [64, 65, 66, 67, 68, 69, 70, 71]
tasks_blocked: []
projects_touched: [nod2-variant-functional-impact]
---

## Context

- nod2-variant-functional-impact: All 8 tasks COMPLETED. Created project pipeline scripts at src/crohns/nod2_variant_functional_impact/:
  - 01_data_collection.py: ClinVar + gnomAD fetching with domain location annotation
  - 02_structure_scores.py: AlphaFold download + dbNSFP score extraction
  - 03_conservation_features.py: PhyloP/GERP++/phastCons as standalone conservation table
  - 04_structural_features.py: VarMeter2 nSASA/mutation_energy/Grantham features
  - 05_girdin_features.py: Girdin interface distance + disruption flags
  - 06_training_set.py: GOF/neutral/LOF training set + RIPK2 CARD-CARD proximity features
  - 07_model.py: GB+LR ensemble with nested CV
  - 08_vus_classification.py: VUS prediction + visualization
- Pipeline scripts wrap library code in src/bioagentics/data/nod2/ (7 modules, 91 tests)
- 12 new pipeline tests added (103 total pass)
- Prior run (tasks 531-538) built the core library; this run (64-71) added project-specific entry points
- Known gaps: IBDGC GWAS integration is stub-only; AUC=0.779 below 0.90 target due to class imbalance (5 GOF/5 LOF/301 neutral)
