---
last_run: 2026-03-19T06:50:00Z
tasks_completed: [791, 796]
tasks_blocked: []
projects_touched: [autoantibody-target-network-mapping]
---

## Context

- autoantibody-target-network-mapping: Completed BioGRID/IntAct supplementary PPI retrieval (#791) and cytokine amplification layer (#796)
- Network state: extended_network.tsv has 1721 nodes, 6889 edges across two layers (4814 autoantibody_ppi, 2057 cytokine_amplification, 18 cross_layer)
- Combined PPI: 1493 nodes, 4832 edges (STRING + 1281 IntAct-only edges)
- All 9 seed proteins and 14 cytokine proteins resolved in STRING
- BIOGRID_API_KEY not available — IntAct used as substitute (includes BioGRID data)
- Key files: seed_proteins.py, string_ppi_query.py, biogrid_ppi_query.py, cytokine_layer.py
- Remaining tasks (all pending): #792 KEGG pathway mapping, #793 Reactome pathway mapping, #794 Allen Brain Atlas overlay, #795 DisGeNET symptom mapping, #797 convergence/hub analysis (depends on all others), #798 patient heterogeneity framework, #799 visualization
