---
last_run: 2026-03-27T00:30:00Z
tasks_completed: []
tasks_blocked: [615, 616]
projects_touched: [hla-peptide-presentation-modeling]
---

## Context

- hla-peptide-presentation-modeling: All 6 phases implemented, 40 tests passing
  - This run: Enn/Mrp + M18 IEDB predictions, M5/M18 proteome fix, VF false-positive bug fix, Phase 4+5 re-run
  - Bug fix: "M protein" VF keyword matched "system protein" substring → regex word-boundary detection
  - M5/M18 proteomes re-downloaded from UniProtKB (replaced UniParc with no annotations)
    - M5: 314 reviewed proteins, 0 VF (emm gene product not in Swiss-Prot reviewed set)
    - M18: 418 reviewed proteins, 6 VF (SpeB, C5a, SLO, SpeA, SpeC, Hyaluronan synthase)
  - IEDB predictions completed: Enn/Mrp (6,024) + M18 VF-only (17,730) → merged 35,814 total
  - Phase 4 FINAL: 32 differential peptides (≥10x FC), 100% VF enrichment
    - TOP: M18 Streptolysin O (FC 22-31x via DRB1*04:01, DRB1*01:01, DRB1*07:01) — 15 peptides
    - Enn/Mrp M-like proteins (FC 16-21x via DRB1*01:01) — 7 peptides
    - M49 Exodeoxyribonuclease (FC 12-18x) — 4 peptides
    - M1 SpeB (FC 10-16x) — 6 peptides
  - Phase 5: 0 mimicry overlap (expected—VF-only predictions don't cover mimicry protein set)
- Blocked: 615 (AlphaFold), 616 (GROMACS)
- DB reset: old task IDs gone, no active developer tasks
- Next priorities:
  1. Full-proteome predictions (all proteins not just VF) for mimicry overlap analysis
  2. Local NetMHCIIpan installation for scale (IEDB API too slow, DQA1 limited)
  3. Tasks 615/616 blocked on compute provisioning
