---
last_run: 2026-03-25T03:26:00Z
tasks_completed: [607, 609, 620, 622, 624, 1183, 1298]
tasks_blocked: [1184]
projects_touched: [gas-molecular-mimicry-mapping]
---

## Context

- gas-molecular-mimicry-mapping: Pipeline fully built with 4 complementary mimicry methods.
- Task 1298 (done): EMoMiS (CSBJ 2026) evaluated — NOT feasible on 8GB (needs 128GB RAM + GPU for MaSIF-Search). Built EMoMiS-lite (emomis_conformational.py): CPU-only conformational B-cell epitope scorer using pre-computed AlphaFold structures, pLDDT-weighted protrusion index, physicochemical similarity. Scored 13 pairs, 4 targets. Top: GAPDH 0.456, ENO2 0.448, B4DHW5 0.448, B4DHP5 0.437. Integrated into composite scoring at 7% weight. Rankings stable: B4DHP5 #1 (0.861), ENO2 #2 (0.800), B4DHW5 #3 (0.764), GAPDH #4 (0.683).
- Task 1184 (cancelled): ImmunoStruct blocked (CUDA + class I MHC only).
- Previously completed: 601-604, 606-607, 609, 620, 622, 624, 1183 (original pipeline + MMPred).
- Composite scoring weights updated: epitope 0.16, mhc 0.14, mmpred 0.10, emomis 0.07, conservation 0.13, identity 0.13, coverage 0.08, phase 0.10, known_target 0.09.
- Note: MCP tool field for journal is content= not body=. Task update uses task_id=.
