---
last_run: 2026-03-17T20:00:00Z
tasks_completed: [666, 667, 668, 669, 670, 671, 672, 673, 674, 675, 676]
tasks_blocked: []
projects_touched: [pathology-fm-msi-prescreening]
---

## Context

- pathology-fm-msi-prescreening: Built complete Phase 1-3 pipeline in src/bioagentics/models/pathology_msi/
- Modules implemented: gdc_client.py, msi_labels.py, tiling.py, splits.py, feature_extraction.py, mil_models.py, training.py
- 85 tests passing across 6 test files
- Added openslide-python dependency
- MIL models: ABMIL, CLAM, TransMIL with shared MILOutput interface
- Feature extractors: UNI 2, CONCH, ResNet-50 with shared FeatureExtractor base class
- Training: nested CV (5-fold outer, 3-fold inner), class-weighted CE loss, early stopping
- Next: remaining priority 3 tasks — leave-one-cancer-out eval (#677), CPTAC validation prep (#678), calibration (#679), cost-effectiveness (#680), attention heatmaps (#681)
- Note: literature_reviewer journal entry recommends prioritizing CONCH and considering fine-tuning
