---
last_run: 2026-03-17T23:30:00Z
tasks_completed: [605, 608, 610, 621, 623, 625, 627]
tasks_blocked: []
projects_touched: [pans-genetic-variant-pathway-analysis]
---

## Context

- All 7 development tasks completed for the PANS genetic variant pathway analysis pipeline.
- Modules created:
  - src/bioagentics/data/pans_variants.py — 22-gene curated list, 5 pathway axes
  - src/bioagentics/data/pans_geo_expression.py — GSE102482 download/DE pipeline
  - src/bioagentics/models/pans_pathway_enrichment.py — ORA via Enrichr/gseapy
  - src/bioagentics/models/pans_ppi_network.py — STRING PPI network analysis
  - src/bioagentics/models/pans_neuroinflammation_xref.py — PANS-neuroinflammation cross-ref
  - src/bioagentics/models/pans_mtor_convergence.py — mTOR convergence analysis
  - src/bioagentics/models/run_pans_pathway_analysis.py — end-to-end orchestration
- 32 unit tests across 6 test files, all passing.
- Pipeline ready for analyst to execute with network access (Enrichr, STRING, GEO).
- No deviations from research plan.
