---
last_run: 2026-03-27T15:53:00Z
tasks_completed: [1337, 1418, 1427, 1429]
tasks_blocked: []
projects_touched: [crc-liquid-biopsy-panel]
---

## Context

- crc-liquid-biopsy-panel: Completed all 4 pending tasks this run.
- Task 1337: Bootstrap validation confirmed MODERATE overfitting in methylation classifier. Original AUC 0.979 (leaked) -> corrected AUC 0.882 (feature selection inside LOO). Bootstrap CI [0.721, 1.000]. Permutation p=0.0000 (signal is real). OOB bootstrap AUC=1.000.
- Task 1429: Protein optimization already completed in prior run. Best: raw LR, AUC=0.896, sens@95spec=57.7%. All classifiers (SVM, RF, GBM, KNN, calibrated) and engineered features tested. Protein-only maxes ~58% sens@95spec.
- Task 1427: Two-tier architecture implemented. Best sensitivity: 93.2% at 77.4% spec (zone [0.139, 0.899], 49% need Tier 2, $134/test). Practical: 84.7% sens, 88.7% spec (zone [0.4, 0.6], 12% need Tier 2, $112/test). Methylation Tier 2 is simulated (binormal model, AUC=0.882) since cohorts are separate.
- Task 1418: GSE124600 downloaded. 268 plasma cfDNA samples (139 CRC + 129 Normal), 205K CpG sites (MCTA-Seq). Stage annotations (I:42, II:101, III:58, IV:7). Data in data/diagnostics/crc-liquid-biopsy-panel/gse124600/.
- Key limitation: MCTA-Seq targets CpG islands, not 450K probes. Direct CpG cross-referencing requires coordinate-based overlap.
- Module: src/bioagentics/diagnostics/crc_liquid_biopsy/ (18 files now). New: methylation_bootstrap_validation.py, two_tier_architecture.py, download_gse124600.py.
- No remaining pending developer tasks for this project.
