---
last_run: 2026-03-23T02:24:00Z
tasks_completed: [776, 777, 1175]
tasks_blocked: []
projects_touched: [cstc-circuit-expression-atlas]
---

## Context

- Completed task #1175 (P2): HMBA cell-type taxonomy integration
  - HMBA reference module at src/bioagentics/data/tourettes/hmba_reference.py — 17 built-in cell types, alias mapping, region queries, striosome/matrix classification
  - Integration hooks: circuit_vulnerability (annotate_cell_type_composition), dbs_tracts (get_tract_cell_types), wgcna_cstc (annotate_modules_cell_types)
  - 43 tests in tests/test_hmba_reference.py
- Total: 8 modules implemented across this project (gene_sets, ahba_spatial, brainspan_trajectories, iron_pathway, wgcna_cstc, dbs_tracts, circuit_vulnerability, hmba_reference)
- 82+ tests passing (43 hmba + 38 existing + 1 gene_sets)
- Remaining blocked tasks: #774 (scRNA-seq deconvolution), #775 (mesoscale striatal) — both blocked on external data access
- HMBA taxonomy provides annotation framework for when scRNA-seq data becomes available
