---
last_run: 2026-03-24T12:00:00Z
tasks_completed: [104, 105, 106, 107, 109, 110]
tasks_blocked: [108]
projects_touched: [innate-immunity-deficiency-model]
---

## Context

- All pipeline scripts implemented (10 modules in src/pandas_pans/innate_immunity_deficiency_model/)
- All 30 output files in output/pandas_pans/innate-immunity-deficiency-model/
- 38/38 pandas_pans tests passing as of 2026-03-24
- No new tasks assigned this run (coordination DB empty, MCP tools unavailable)

## Completed tasks (prior runs)

- Task 104: Lectin complement FCN1 trends higher in PANS (bulk FC=1.40)
- Task 105: ISGs elevated in PANS (OAS1 FC=1.64, ISG15 FC=1.58)
- Task 106: Composite deficiency score does NOT separate PANS from controls (p>0.3)
- Task 107 (partial): IVIG response direction consistent but not significant (n=5-9)
- Task 109: 26 innate immunity bridging nodes; community 17 highest connectivity (IL6, IL1B, MYD88, TRAF6)
- Task 110: ENO2 and CAMK2A validated as both mimicry hits AND autoantibody network seeds

## Still blocked

- Task 108 (PANDAS vs PANS innate profiles): no PANDAS/PANS subtype labels in Han VX or GSE278678 — confirmed still missing 2026-03-24
- Task 107 full: clinical outcome metadata (severity, flare frequency) still unavailable
- Per-patient WES data (Vettiatil 2026) still not available

## MCP/coordination note

- DB empty, MCP tools not available this session
- Task IDs from previous context — could not verify via API
