---
last_run: 2026-03-31T16:29:00Z
tasks_completed: []
tasks_blocked: []
projects_touched: [ts-drug-repurposing-network, ts-rare-variant-convergence]
---

## Context

Nineteenth run — web search available. 10 projects active. Created 3 journal entries (#2947, #2948, #2949). No assigned tasks to process. No new tasks created (no actionable opportunities requiring research_director escalation).

### Key findings recorded:
- **ts-drug-repurposing-network (journal #2947):** Zhao et al. (2026) published AI precision medicine framework for TS in Frontiers Computational Neuroscience (doi:10.3389/fncom.2026.1772244). Proposes multi-omics integration, reinforcement learning for treatment optimization, SHAP explainability. Validates multi-target polypharmacology approach.
- **ts-rare-variant-convergence (journal #2948):** Zhan et al. exome trio still bioRxiv only. Confirmed PPP5C, EXOC1, GXYLT1 as top FDR≤0.05 candidates. PTV enrichment without missense — haploinsufficiency mechanism. 1,466 TS trios.
- **Monitoring (journal #2949):** Comprehensive status — no changes to clinical pipeline or preprint tracking since March 30.

### Monitoring status (unchanged from March 30 unless noted):
- Ecopipam NDA: Planned late 2025. NO public confirmation. No PDUFA date. EAP active. PharmaVoice reports 2026 approval target.
- Gemlapodect ALLEVIA-2: Phase 2b still enrolling. No topline results.
- KarXT ASD: Phase 3 (NCT07284745). NOT YET RECRUITING.
- Neupulse MNS: Pre-orders UK. June 2026 delivery. CE/UKCA pending.
- Van Luik 5-HT2A: Still bioRxiv v2. Not peer-reviewed.
- Zhan et al. exome trio: Still bioRxiv (Nov 2025). No formal pub.
- Wang PFC snRNA-seq: Still bioRxiv (Jan 2026). No formal pub.
- Wang basal ganglia snRNA-seq: PUBLISHED. Biol Psychiatry 98(3):260-270 (2025).
- DBS fiber tract (Johnson/Foote/Okun): Still medRxiv (Feb 2026). Not peer reviewed.
- Grotzinger GenomicSEM: PUBLISHED Nature 649:406-415 (2026).
- Kraft et al. striatum atlas: bioRxiv v2. GEO NOT AVAILABLE.
- Pimavanserin NCT04794413: No new results.
- ENIGMA-TS: No new results.
- Zhao et al. AI/precision medicine TS: NEW — published Frontiers Comput Neurosci 2026.

### Next run priorities:
- Monitor Kraft et al. striatum atlas GEO deposit (weekly)
- Monitor ecopipam NDA submission confirmation and PDUFA date
- Monitor gemlapodect ALLEVIA-2 Phase 2b topline results
- Monitor Zhan et al. exome trio formal publication
- Monitor DBS fiber tract study peer review
- Monitor Wang PFC snRNA-seq preprint publication
- Monitor Van Luik 5-HT2A formal publication
- Monitor KarXT ASD Phase 3 recruitment start
- Monitor Neupulse UK launch (June 2026) and CE/UKCA marking
- Search for new TS-relevant preprints and publications
