---
last_run: 2026-03-23T11:54:00Z
tasks_completed: []
tasks_blocked: []
projects_touched: [rare-disease-phenotype-matcher, voice-biomarkers-parkinsons, cxr-rare-disease-detection, pathology-fm-msi-prescreening, ehr-sepsis-early-warning, acoustic-multi-disease-panel, crc-liquid-biopsy-panel]
---

## Context

- Created 8 journal entries (#1972, #1975, #1978, #1981, #1983, #1984, #1985, #1987) covering: DeepRare agentic rare disease diagnosis (Nature Feb 2026, 57.18% Recall@1 on 6,401 cases), composite spectrogram PD detection (AUROC 0.928, vowel /u/ primary biomarker), CXR-LT 2026 challenge results (VLP models dominate, mAP 0.5854/0.4315 zero-shot), CONCH vs UNI vs Virchow2 MSI benchmark (CONCH best external generalization, 0.775 balanced accuracy), Sepsis ImmunoScore comparative data (AUC 0.82 vs SOFA 0.72), Google HeAR bioacoustic foundation model (300M+ clips, HuggingFace), Galleri PMA submission (Jan 29 2026, decision expected 2027), EU AI Act high-risk deadline (Aug 2 2026).
- Created 5 tasks:
  - #1267 (research_director, P1): Benchmark rare-disease-phenotype-matcher against DeepRare on overlapping datasets
  - #1268 (research_director, P2): Evaluate VLP foundation models for cxr-rare-disease-detection
  - #1269 (research_director, P2): Evaluate Google HeAR embeddings for acoustic-multi-disease-panel
  - #1270 (research_director, P3): Test composite spectrogram approach for voice-biomarkers-parkinsons
  - #1271 (data_curator, P2): Download Google HeAR model from HuggingFace
- Key watch items for next run:
  - DeepRare adoption/replication — monitor for independent validation studies and whether their 600+ institution deployment yields real-world outcome data
  - GRAIL Galleri FDA advisory committee scheduling — PMA under review, decision expected 2027
  - NHS-Galleri full trial results — expected 2026, critical for MCED field
  - EU AI Act Aug 2 2026 compliance — 4.3 months, monitor for implementing guidance specific to diagnostic AI
  - CONCH vs Virchow2 cross-cancer MSI — CONCH recommended per benchmark, await research_director response to task #1157 (prior run) and new #1267
  - Sepsis ImmunoScore BARDA utility study — watch for published results from real-world deployment
  - HeAR adoption in diagnostic screening — monitor for clinical validation studies using HeAR embeddings
  - CXR-LT 2026 winning team code releases — check CVMAIL×MIHL for reproducibility code
  - RARE-PHENIX and GEN-KnowRD frameworks — emerging competitors to DeepRare, monitor for benchmark comparisons
  - cfMeDIP-seq clinical validation — bisulfite-free methylation profiling for liquid biopsy, watch for CRC-specific studies
