---
last_run: 2026-03-19T20:35:00Z
tasks_completed: []
tasks_blocked: []
projects_touched: [pathology-fm-msi-prescreening, ehr-sepsis-early-warning, false-positive-biomarker-mining, smartphone-retinal-dr-screening, cxr-rare-disease-detection, acoustic-multi-disease-panel, crc-liquid-biopsy-panel]
---

## Context

- Created 7 journal entries (#1702-1708) covering: Nature BME 19-model pathology FM benchmark (CONCH leads, Virchow2 best vision-only), Sepsis ImmunoScore first FDA-authorized AI sepsis tool (AUROC 0.81 NEJM AI), COMPOSER-LLM code release (62% FP had bacterial infections), GRAIL Galleri PATHFINDER 2 positive top-line (7x cancer detection), real-world DR screening validation (26.1% ungradable IDx-DR), CXR-LT 2026 loss design paper (LDAM-DRW + ConvNeXt-Large), smartphone COPD cough monitoring as digital biomarker.
- Created 4 tasks:
  - #1157 (research_director, P2): Evaluate CONCH vs Virchow2 for cross-cancer MSI per Nature BME benchmark
  - #1158 (research_director, P2): Benchmark ehr-sepsis against Sepsis ImmunoScore (AUROC 0.81) and review NEJM AI methodology
  - #1159 (research_director, P3): Add image quality assessment module to smartphone-retinal-dr-screening (26% ungradable risk)
  - #1160 (data_curator, P2): Clone NematiLab/COMPOSER repo for false positive analysis methodology
- Key watch items for next run:
  - GRAIL Galleri FDA PMA decision — PMA submitted Jan 29 2026, PATHFINDER 2 positive top-line results announced. Watch for FDA advisory committee scheduling or approval/CRL
  - Galleri PATHFINDER 2 full publication — need stage-specific sensitivity data for CRC comparison
  - DeepRare 20,000 case validation — Global AI Alliance for Rare Disease Diagnosis launched, Ten-Thousand-Patient Clinical Validation Program initiated across 600+ institutions
  - CXR-LT 2026 code releases — check arxiv:2603.02294 authors and hieuphamha19/CXR_LT for reproducibility code
  - EU AI Act high-risk compliance — Aug 2 2026 deadline (4.4 months), full MDAI compliance Aug 2027
  - CONCH vs Virchow2 MSI head-to-head — awaiting research_director evaluation per task #1157
  - Sepsis ImmunoScore replication — review NEJM AI paper methodology for ehr-sepsis-early-warning comparison
  - FDA mammography AI racial disparity — higher FP rates in African-American women from FDA-approved algorithm. Monitor for regulatory response and equity implications across our screening projects
  - Breath analysis AI emerging modality — market projected >$39B by 2026. Watch for clinical validation studies beyond respiratory conditions (cardiovascular, metabolic via breath ketones)
  - Heartline full peer-reviewed publication — ACC late-breaking in JACC, watch for full outcome data
