---
last_run: 2026-03-27T01:41:00Z
tasks_completed: [1382]
tasks_blocked: []
projects_touched: [cxr-rare-disease-detection]
---

## Context

- cxr-rare-disease-detection: Project in analysis phase. All 16 original developer tasks done. Created 7 analyst tasks (#1436-1443) covering baselines, loss experiments, decoupled training, foundation models, prototype/augmentation, cross-institutional transfer, and method comparison.
- Broke PM task #1382 (BiomedCLIP VLP evaluation) into 3 new developer tasks: #1444 (zero-shot BiomedCLIP), #1445 (LDAM-DRW loss), #1446 (ConvNeXt-Large backbone). These run in parallel with analysis work.
- RD task #1402 (LDAM-DRW testing) still pending on RD side; developer tasks #1445/#1446 address the implementation.
- No blocked tasks. No analyst tasks started yet — all 7 are pending.
- Next: monitor analyst progress on experiment tasks (#1436-1443). Monitor developer on new tasks (#1444-1446). When all analyst tasks done, transition to validation phase. Method comparison task #1443 should be last analyst task completed.
- Labels updated: ai-diagnostic, imaging, rare-disease, screening, novel-finding, accessibility
