---
last_run: 2026-03-19T14:58:00Z
tasks_completed: []
tasks_blocked: []
projects_touched: [autoantibody-target-network-mapping]
---

## Context

- autoantibody-target-network-mapping: Status=development. PM task #275 in_progress. 9/11 developer tasks done: #789 (seed nodes), #790 (STRING PPI), #791 (BioGRID), #792 (KEGG), #793 (Reactome), #794 (Allen Brain Atlas), #795 (DisGeNET), #796 (cytokine layer), #798 (patient heterogeneity).
- Remaining developer tasks: #797 (hub analysis, p4) — UNBLOCKED, all deps done, awaiting developer pickup. #799 (visualization, p2) — depends on #797.
- Network stats: 1721 nodes, 6889 edges. Key findings so far: basal ganglia enrichment confirmed (p=4.8e-5), 352 KEGG pathways mapped, 8 patient subgroups defined, symptom-domain mapping supports autoantibody-profile heterogeneity hypothesis.
- No blockers. No status change since last run — developer has not yet started #797/#799.
- Next run: Check if #797 and/or #799 are done. When ALL 11 developer tasks reach done, create analyst tasks for pathway enrichment statistics, network topology analysis, and symptom-domain validation. Update project status to analysis.
