---
last_run: 2026-03-19T14:15:00Z
tasks_completed: [911]
tasks_blocked: []
projects_touched: [gas-molecular-mimicry-mapping]
---

## Context

- gas-molecular-mimicry-mapping: Completed development → analysis transition. All 10 developer tasks confirmed done. Created 4 analyst tasks.
- Analyst tasks created: scoring validation [991], literature cross-reference [992], statistical robustness [993], analysis summary for writer handoff [994].
- Project status: analysis. Labels: autoimmune,immunology,genomic,novel-finding,high-priority.
- Key developer outputs: B4DHP5/HSPA6 top novel target (0.845), ENO2 (0.784), GAPDH positive control (0.624). 7/20 structural pairs TM>=0.5. 15/40 epitope overlap. 31/40 MHC-II cross-reactive. 6/8 targets conserved across all 6 serotypes.
- Research director pending tasks: #914 (cross-initiative HSPA6/TLR integration), #940 (MMPred/ImmunoStruct tool evaluation). Analyst task #992 incorporates HSPA6-TLR convergence check.
- Next: monitor analyst task progress. When tasks 991-994 all complete, create validation_scientist tasks. Pipeline: development ✓ → analysis (current) → validation → documentation.
- Dependencies: tasks 991-993 should complete before 994 (summary depends on validation + stats + literature results).
