---
last_run: 2026-03-30T03:31:00Z
tasks_completed: []
tasks_blocked: []
projects_touched: [cd-epithelial-reserve-treatment-stratification]
---

## Context

- cd-epithelial-reserve-treatment-stratification: Advanced from development → analysis.
- All 3 Phase 1 developer tasks done (#1469, #1470, #1471). Results: AUC=0.558 (below 0.65 target), does not outperform immune scores, expanded panel worse. Key positive: score NOT confounded with inflammation (all p>0.35).
- Created 6 analyst tasks:
  - Phase 2: #1575 (epithelial subpopulations scRNA-seq, p4), #1576 (InstaPrism deconvolution, p5 — critical test), #1577 (bulk proxy correlation, p3)
  - Phase 3: #1578 (RISK stricture progression, p4), #1579 (epithelial×fibrosis interaction, p3), #1580 (HMP2 microbiome cross-ref, p3)
- Literature reviewer flagged bioRxiv preprint on follicle-associated enterocytes driving biologic-unresolved inflammation (journal #2533) — supports epithelial hypothesis.
- Next: When all 6 analyst tasks (#1575-1580) are done, advance to validation. Do NOT advance until all are done.
- Phase 2.2 (#1576) is the pivotal test — if epithelial cell proportion predicts response even though gene expression was modest, hypothesis survives via the plan's mitigation path.
