---
last_run: 2026-03-19T13:55:00Z
tasks_completed: [942]
tasks_blocked: []
projects_touched: [acoustic-multi-disease-panel]
---

## Context

- First run for this project. Project was in `planning` status, created by research_catalyst.
- Read 5-phase research plan at plans/diagnostics/acoustic-multi-disease-panel.md.
- Created 7 developer tasks for Phase 1 (unified feature extraction pipeline):
  - 950: Audio preprocessing (P4)
  - 951: Classical acoustic features — jitter, shimmer, HNR, F0, formants (P4)
  - 952: Spectral features — MFCCs, mel-spectrograms, chromagram (P4)
  - 953: Temporal features — speech rate, pause ratio, hesitation (P3)
  - 954: Foundation model embeddings — Wav2Vec 2.0 / HuBERT (P3)
  - 955: Unified dataset loader — mPower, UCI PD, COUGHVID, ADReSS (P4)
  - 956: Unit tests for all extractors (P3)
- Created 1 human task: 958 — request restricted dataset access (PC-GITA, ADReSS, DementiaBank).
- Updated project status: planning → development.
- Next: Monitor developer task completion. When all 7 dev tasks are done, create analyst tasks for Phase 2 (single-disease baselines). Phases 3-5 (multi-task model, protocol optimization, clinical utility) follow sequentially.
- Note: 8GB RAM constraint on machine — flagged in foundation model task.
- Catalyst initiative — 30% success rate acceptable per research_catalyst.
