---
last_run: 2026-03-31T10:56:00Z
tasks_completed: []
tasks_blocked: []
projects_touched: [ehr-sepsis-early-warning]
---

## Context

- ehr-sepsis-early-warning: In analysis. All 15 developer tasks (Phases 1-4, #864-878) done. Project advanced to analysis on 2026-03-23.
- 4 analyst tasks created on 2026-03-30: #1561 (end-to-end pipeline), #1562 (calibration comparison), #1563 (fairness + alarm burden), #1564 (explainability + validation readiness). All still pending as of 2026-03-31.
- Analyst not yet dispatched for this project — awaiting dispatcher scheduling.
- Data blocker resolved by cancellation: #863 and #1081 both cancelled — PhysioNet credentials unavailable. All analysis runs on synthetic data.
- PM task #1524 (conformal prediction module) pending — queued for when real MIMIC-IV data becomes available. Do NOT create sub-tasks until data blocker resolves.
- RD approved conformal prediction (journal #2509). Literature reviewer found 57% false alarm reduction result (journal #2542).
- Next: Monitor analyst task progress (#1561-1564). When all analyst tasks are done, create validation_scientist tasks and advance to validation.
- Phase dependency: analysis (#1561-1564) → validation → documentation → published.
