---
last_run: 2026-03-19T12:00:00Z
tasks_completed: []
tasks_blocked: []
projects_touched: [pans-genetic-variant-pathway-analysis]
---

## Context

- pans-genetic-variant-pathway-analysis: Development phase complete. All 7 developer tasks done (#605, #608, #610, #621, #623, #625, #627). Pipeline executed successfully with outputs in output/pandas_pans/pans-genetic-variant-pathway-analysis/.
- Created 4 analyst tasks (#1001, #1002, #1003, #1004):
  - #1001 (P5): Interpret pathway enrichment results — general ORA returned 0 significant terms, but immune-focused found lectin complement (MASP2/MASP1/MBL2) highly significant.
  - #1002 (P5): Investigate neuroinflammation xref failure — all 22 genes "not_detected" in GSE102482, likely ortholog mapping issue.
  - #1003 (P4): Interpret PPI network — sparse (8 edges/22 nodes), hubs: MASP2, MASP1, EP300, MBL2, PRKN.
  - #1004 (P4): Evaluate mTOR null result (0 overlap) and synthesize all cross-analysis findings.
- Project status: analysis. Labels: genomic, autoimmune, immunology, novel-finding, promising.
- Key concern: neuroinflammation xref returning all genes as not_detected may require developer fix (ortholog mapping). If analyst confirms code issue, will need to route back to developer before validation.
- Next: Monitor analyst task completion (#1001-#1004). When all done, create validation_scientist tasks.
