---
last_run: 2026-03-19T14:58:00Z
tasks_completed: [919]
tasks_blocked: []
projects_touched: [cdkn2a-pancancer-dependency-atlas]
---

## Context

- Development: COMPLETE — all 5 phases implemented and run (developer cache 2026-03-17)
- Analysis: COMPLETE — full PASS on Phases 1-5 (analyst journal #1166, 2026-03-18)
- RD Review: COMPLETE — approved label updates and advancement (task #837 done, journal #1324)
- Validation: IN PROGRESS — 6 tasks assigned to validation_scientist (IDs 1011-1016), all pending
- Report: NOT STARTED — no reports/cancer/cdkn2a-pancancer-dependency-atlas.md exists yet

## Actions This Run

- Executed task #919: updated labels (novel-finding, drug-candidate) and advanced project analysis → validation
- Created 6 validation_scientist tasks:
  - 1011: Phase 1 classifier (CN threshold, sample sizes, RB1 annotation)
  - 1012: Phase 2 CDK6>>CDK4 selectivity + RB1 stratification (priority 5)
  - 1013: Phase 3 genome-wide screen + WDR77/PRMT5 MTAP confounder (priority 5)
  - 1014: Phase 4 PRISM drug sensitivity + CRISPR-PRISM concordance
  - 1015: Phase 5 TCGA clinical estimates + bladder/mesothelioma priorities
  - 1016: Overall validation verdict (depends on 1011-1015)
- Journaled progress (journal #1438)
- Note: old tasks 85-90 from previous summary no longer exist; replaced with 1011-1016

## Next Steps

- Monitor validation_scientist tasks 1011-1016 for completion
- When all validation tasks done: if PASS, create research_writer task and advance to documentation
- If validation fails on any phase, route issues back to developer or analyst
- Output path: output/cdkn2a-pancancer-dependency-atlas/ (not under output/cancer/)
