last_run: 2026-03-22T22:20:01Z
tasks_completed: [224, 1127]
tasks_blocked: [237, 414, 774, 775]
projects_touched: [cstc-circuit-expression-atlas]
---

## Context

- Developer modules 769-773 plus 776-777 are complete; remaining developer scope is #774 (striatal scRNA-seq) blocked on dataset #237 and #775 (mesoscale zones) blocked on dataset #414. New developer task #1175 will integrate the HMBA taxonomy once reference files arrive.
- Data curation: #455 retargeted to pull only the HMBA human nuclei subset via abc_atlas_access with taxonomy/striosome marker deliverables; #1176 added to locate the correct Slide-tags accession so blocked download task #414 can resume. Tasks #380, #458, #815 still pending but lower urgency for current blockers.
- Blockers: #237 remains on hold pending NDA access task #290 (ts-striatal-interneuron-pathology); #414 is waiting on #1176 to identify the actual accession. Downstream developer tasks #774/775 cannot start until these clear.
- Status: project stays in development until datasets land and remaining developer modules can run; once #774/775 finish, prep analyst tasking and potential handoff to analysis stage.
