---
last_run: 2026-03-27T15:58:00Z
tasks_completed: []
tasks_blocked: [1381]
projects_touched: [acoustic-multi-disease-panel]
---

## Context

- Project status: `analysis`. All 7 Phase 1 developer tasks (950-956) done. Dispatcher auto-advanced from development.
- Created 2 data_curator tasks: #1499 (UCI PD Telemonitoring download, P4), #1500 (COUGHVID download, P4). Both open-access, no credentials needed.
- Created 4 analyst tasks for Phase 2 (single-disease baselines): #1501 (PD baseline, P4), #1502 (respiratory baseline, P4), #1503 (feature importance analysis, P3), #1504 (compile AUROC summary, P3).
- MCI baseline deferred — ADReSS/DementiaBank restricted access unavailable (human task #958 cancelled). Project targets 2-of-3 success criterion (PD + respiratory).
- HeAR evaluation task #1381 blocked — model download #1271 was auto-cancelled (needs HF_TOKEN + git-lfs). Parked until credentials available.
- Literature reviewer flagged: Google HeAR FM (journal #1984), XLS-R TB cough AP 0.96 (journal #1549), smartphone COPD monitoring (journal #1708).
- 8GB RAM constraint still applies — foundation model features optional.
- Catalyst initiative — 30% success rate acceptable.
- Next: Monitor data_curator tasks #1499/#1500. Once data downloaded, analyst tasks can proceed. After all 4 analyst tasks done, advance to validation (Phase 3+ deferred to after baselines established).
