---
last_run: 2026-03-17T19:12:00Z
tasks_completed: [384]
tasks_blocked: []
projects_touched: [crc-liquid-biopsy-panel]
---

## Context

- crc-liquid-biopsy-panel: First PM run. Broke research plan into 11 developer tasks.
- Project status: proposed → planning → development
- Data acquisition tasks: #638 (TCGA-COAD/READ), #639 (GSE149282 cfDNA), #640 (GSE164191 protein), #641 (GSE48684 tissue methylation)
- Pipeline tasks: #651 (methylation signature discovery), #652 (cfDNA validation), #653 (protein complementarity), #654 (LASSO panel optimization), #655 (ensemble classifier), #656 (stage-stratified evaluation), #657 (cost model)
- Dependency chain: data acq → #651 → #652 + #653 → #654 → #655 → #656 + #657
- Research director pending tasks: #427 (TriOx multi-modal review), #462 (fragmentomics evaluation) — may expand scope
- Literature reviewer flagged cfDNA fragmentomics as potential 3rd modality (journal #841)
- Next: Monitor developer progress on data acquisition tasks. When done, transition to analysis phase. Watch for research director decisions on TriOx/fragmentomics.
- Journal entry #918 records full task breakdown.
