---
last_run: 2026-03-17T19:16:00Z
tasks_completed: [418]
tasks_blocked: []
projects_touched: [cxr-rare-disease-detection]
---

## Context

- cxr-rare-disease-detection: Broke research plan into 16 developer tasks + 1 human task across 4 phases
- Project status: proposed → planning → development
- Human task #658: credentialed data access (PhysioNet, MIDRC, CheXpert) — blocking for some datasets
- Phase 1 (data setup, #659-665): dir structure, MIMIC-CXR/MIDRC/MultiCaRe/NIH loaders, label profiling, distribution shift analysis
- Phase 2 (baselines, #682-685): shared trainer, DenseNet-121 + ResNet-50 baselines, evaluation module
- Phase 3 (long-tail, #695-699): balanced losses, decoupled training, prototype classifier, augmentation, foundation models
- Phase 4 (cross-institutional, #705-707): transfer experiments, domain adaptation, calibration
- Next: monitor developer progress on Phase 1 tasks, check for blockers, transition to analysis phase when development completes
- All 16 developer tasks are pending — developer can start with #659 (data dir structure) and open-access loaders
