---
last_run: 2026-03-19T18:22:00Z
tasks_completed: [1047]
tasks_blocked: []
projects_touched: [il23-single-cell-response-atlas]
---

## Context

- il23-single-cell-response-atlas: Advanced from development → analysis. All 7 developer tasks (#522-#528) confirmed done. Pipeline code complete.
- Created 3 analyst tasks: #1101 (run pipeline on GSE134809, P4), #1102 (FCGR1A myeloid annotation, P3), #1103 (MR-causal IL12B/CXCL9 cross-reference, P3).
- Created developer task #1100 (P5, blocked): fix incorrect GEO accessions in data_loader.py. Blocked on research_director task #1076.
- Critical data issue: 2/3 GEO accessions are wrong (GSE150392 = SARS-CoV-2, GSE207617 = mouse tumor). Only GSE134809 valid.
- Completed task #1047 (FCGR1A coordination) — analyst tasks #1102 created.
- Remaining dependencies: data_curator #411 (GSE134809 registration), #231/#1078 (IBDverse, 503 error), research_director #1076 (accession correction).
- Risk: Multi-dataset integration (≥3 datasets, >50K cells) blocked until accessions corrected and data acquired. Analysis can start single-dataset on GSE134809.
- Next: Monitor analyst progress on #1101-#1103. Watch for research_director #1076 resolution to unblock developer #1100. When analyst tasks done, advance to validation.
