---
last_run: 2026-03-30T04:03:00Z
tasks_completed: [1513]
tasks_blocked: []
projects_touched: [hla-peptide-presentation-modeling]
---

## Context

- hla-peptide-presentation-modeling: Status=development. Processed critical PM task #1513 (ensemble HLA binding approach mandate).
- Phases 1-4 developer tasks DONE: #611 (HLA panel), #612 (GAS proteomes), #613 (peptide digestion), #614 (NetMHCpan wrapper), #617 (differential presentation).
- Created 4 new developer tasks for mandated ensemble pipeline:
  - #1602 Geometric DL TCR cross-reactivity (P5, HIGHEST PRIORITY) — PMID 41834397
  - #1603 DSCA-HLAII class II predictor (P4) — PMID 41481588
  - #1604 CMHS ESM2+biophysics binding (P4) — PMID 41764421
  - #1605 Ensemble consensus scoring module (P4) — integrates NetMHCpan + 3 new tools
- Updated existing tasks: #615 → AlphaFold-Multimer, #616 → 100ns GROMACS MD, #618 → dependency resolved (gas-molecular-mimicry-mapping now in validation, outputs available)
- Developer execution order: #1602 → #1603/#1604 (parallel) → #1605 → #615 → #616 → #618 → #619
- 8 pending developer tasks remain before analysis handoff
- gas-molecular-mimicry-mapping is in validation — Phase 5 dependency (#618) resolved
- Next: Monitor developer progress on #1602 (TCR cross-reactivity, highest priority). Once all 8 developer tasks done, create analyst tasks and advance to analysis status.
