---
last_run: 2026-03-29T12:00:00Z
tasks_completed: [1527]
tasks_blocked: []
projects_touched: [ts-rare-variant-convergence]
---

## Context

- ts-rare-variant-convergence: Status remains development. Original 6 dev tasks (Phase 1-5: #582-#587) all done.
- Handled PM task #1527 (RD journal #2513): Saia et al. integration with updated requirements.
  - Updated dev task #1201 (P4): Now targets 13th convergent pathway (was 12th), added SLC6A1 GABAergic verification, added interneuron expression references.
  - Created dev task #1601 (P2): RERE cross-project annotation linking NR2F2 corepressor to ts-striatal-interneuron-pathology GRN. Depends on #1201.
- Journal #2644 records this run's decisions.
- Total pending dev tasks: 7 (#1201, #1574, #1352, #1202, #1355, #1354, #1601). Dependencies: #1201→#1202, #1201→#1601, #1352→#1354.
- Pipeline cannot advance to analysis until ALL 7 dev tasks are done.
- Next: Monitor developer progress on all 7 pending tasks. When ALL done, advance to analysis and create analyst tasks.
