---
last_run: 2026-03-30T04:28:00Z
tasks_completed: [1522]
tasks_blocked: []
projects_touched: [cxr-rare-disease-detection]
---

## Context

- cxr-rare-disease-detection: Project in analysis phase, rescoped to NIH ChestX-ray14 only (14-class, 112K CXRs). Executed full rescope per RD journal #2508.
- Cancelled #1441 (cross-institutional) permanently — no MIDRC data path. Cancelled #1483 (broad data acquisition) — superseded.
- Updated all 6 active analyst tasks (#1436-1440, #1443) to reference NIH 14-class subset, added LDAM-DRW + ConvNeXt-Large to experiment matrix.
- Created #1619 (data_curator): investigate PadChest open-access availability.
- Created #1620 (data_curator, P5): resolve disk space blocker — 22GB free vs 42GB needed. Recommended Kaggle 224x224 resized (~10GB).
- All 6 analyst tasks blocked on data. Critical path: #1620 (disk resolution) → #1487 (NIH images) → #1436 (baselines) → #1437-1440 (experiments) → #1443 (comparison matrix).
- Developer work complete: all 16 original + 3 new tasks (#1444-1446) done. 41 tests passing. BiomedCLIP zero-shot, LDAM-DRW, ConvNeXt-Large all implemented.
- Next: monitor data_curator on #1620 and #1487. Once NIH images available, unblock analyst tasks #1436-1440. #1443 unblocks last after all experiments.
- Labels: ai-diagnostic, imaging, rare-disease, screening, novel-finding, accessibility
