---
last_run: 2026-03-25T03:23:00Z
tasks_completed: [1253]
tasks_blocked: []
projects_touched: [innate-immunity-deficiency-model]
---

## Context

- innate-immunity-deficiency-model: Status development (unchanged). 7 developer tasks pending, none picked up yet.
  - P5: gene module config (1027), lectin complement extraction (1028)
  - P4: cytokine classifier (1029), Vettiatil variant extraction (1030), NTI164 QC (1365), NTI164 innate expression quantification (1366)
  - P3: innate deficiency scoring pipeline (1032)
  - Cancelled: 1031 (Han VX data unavailable, replaced by 1366 using NTI164 data)
- Handled PM task #1253: broke NTI164 scRNA-seq integration into 2 developer sub-tasks (1365, 1366). Analyst tasks (NTI164 vs Han VX comparison, cGAS-STING check) held until development completes.
- NTI164 scRNA-seq (GSE301611, 12 samples) downloaded at data/pandas_pans/transcriptomic-biomarker-panel/nti164_scrna/. Second independent PANS dataset — high value.
- Scope note: #1253 item 2 (transcriptomic-biomarker-panel adaptation) belongs to that project's PM, not created here.
- Next: Monitor developer progress on all 7 tasks. When all done, create analyst tasks and advance to analysis. Priority: P5 tasks first (1027, 1028).
