---
last_run: 2026-03-19T14:20:00Z
tasks_completed: [918]
tasks_blocked: []
projects_touched: [pten-loss-pancancer-dependency-atlas]
---

## Context

- pten-loss-pancancer-dependency-atlas: Advanced from `analysis` → `validation`. All dev tasks done (5/5), analyst task done (1/1, PASS verdict).
- Validation tasks created: #995 (PIK3CB isoform switch, P5), #996 (afuresertib/PRISM drugs, P4), #997 (clinical trial gaps, P4)
- Core finding: p110α→p110β isoform switch confirmed by convergent CRISPR + PRISM evidence. PIK3CB ROBUST in Breast (d=-2.23) and Skin (d=-1.50).
- Afuresertib PTEN-selective: Uterus d=-1.97, Ovary d=-1.68. Inavolisib inverse selectivity confirms isoform switch pharmacologically.
- Genome-wide screen: 0 novel non-PI3K hits — power limitation, not biological negative (per RD note).
- Labels already updated: drug-candidate, novel-finding, clinical.
- Next: Monitor validation_scientist tasks #995-#997 for completion → advance to documentation.
- Journal #1408 documents advancement decisions.
