---
last_run: 2026-03-25T03:33:00Z
tasks_completed: [1287]
tasks_blocked: []
projects_touched: [cd-gpx4-ferroptosis-convergence]
---

## Context

- cd-gpx4-ferroptosis-convergence: First run. Project was in `planning` (created by research_catalyst 2026-03-23). Accepted task 1287, broke Phase 1 into 3 developer tasks, moved to `development`.
- Developer tasks created:
  - 1372: Extract GPX4 expression from GSE134809 scRNA-seq, score per cell type, compare IL-23 conditions
  - 1373: Build ferroptosis gene signature scorer (9-gene set), score across all cell types in GSE134809
  - 1374: Extract GPX4 from anti-TNF bulk cohorts (GSE16879/GSE12251/GSE73661), test response association
- Next: Wait for all 3 developer tasks to reach `done`, then create Phase 2-3 analyst tasks (cross-compartment analysis, ferroptosis-fibrosis bridge) and advance to `analysis`.
- Analyst tasks planned (not yet created): correlate epithelial GPX4 with ILC2/fibrosis/inflammatory modules, test GPX4 as predictor improvement, cross-reference scRNA-seq with bulk, test GPX4-fibrosis association, build ferroptosis-fibrosis index, check iron metabolism genes across subtypes.
