---
last_run: 2026-03-27T02:52:00Z
tasks_completed: [1375]
tasks_blocked: []
projects_touched: [nf1-loss-pancancer-dependency-atlas]
---

## Context

- nf1-loss-pancancer-dependency-atlas: Status advanced from analysis → validation. All 4 analyst tasks (#1322, #1325, #1327, #1328) confirmed done. RD accepted narrowed scope (journal #2239): pathway-level mechanistic insight, NOT novel SL target discovery. Impact downgraded to moderate; removed high-priority label.
- Developer corrections: TP53-stratified reanalysis (task #1335) done. Created #1477 (lineage bias removal) and #1479 (pathway-level gene-set testing) — both pending, mandatory before documentation.
- Validation: Created task #1481 for validation_scientist — narrowed to SHP2/RAF1/RIT1/SPRED1-2 RAS regulatory module only. NOT full pipeline.
- Closed PM routing task #1375. Journal #2400 documents this check-in.
- Next: monitor dev tasks #1477, #1479 and validation task #1481 for completion. Documentation stage only after all 3 are done.
