---
last_run: 2026-03-19T18:41:00Z
tasks_completed: [1053]
tasks_blocked: []
projects_touched: [rare-disease-phenotype-matcher]
---

## Context

- rare-disease-phenotype-matcher: status=development. Phase 1 (879-883) and Phase 2 (884-888) ALL done. Eval harness (890) and patient simulator (889) done.
- Phase 3 remaining: tasks 892 (LIRICAL benchmark, priority 4) and 893 (ablation study, priority 4) — both PENDING for developer.
- Updated 892 description: phenopacket-store (9,588 cases) supersedes original LIRICAL 384. Updated 893: simulated patients ready.
- Data curator task 891 blocked on OMIM genemap2 only (human task 1080). Not blocking Phase 3.
- PM task 1053 (PhenoBrain Phase 5+ planning) marked done — decision per RD journal #1518.
- RD tasks 1069 (DeepRare hybrid eval) pending — not my task.
- Cannot advance to analysis: developer tasks 892, 893 not done yet.
- Next: monitor developer on 892 + 893. When both done, advance project to analysis, create analyst tasks for Phase 4 (disease-group stratification, failure mode analysis, baseline comparison).
