---
last_run: 2026-03-25T03:28:00Z
tasks_completed: [1242]
tasks_blocked: []
projects_touched: [il23-single-cell-response-atlas]
---

## Context

- il23-single-cell-response-atlas: Status = analysis. Single-dataset analysis COMPLETE (GSE134809: 97,152 cells, 21 cell types). Multi-dataset integration pending — need datasets 2 and 3.
- Novel finding confirmed by RD: FCGR1A+/IL23A+ co-expression only 0.3% in myeloid cells. Dual-mechanism hypothesis for guselkumab. Labels updated.
- Cancelled dead-end IBDverse tasks #231 and #1078 (site permanently down, Zenodo restricted).
- Created data_curator #1367 (P4): search CellxGene Census/GEO for third CD scRNA-seq dataset per RD #1207 recommendations.
- Created developer #1368 (P4): download and process GSE282122 (Thomas et al. Nat Immunol 2024, ~1M cells, 216 biopsies) — dataset 2 of 3.
- Data curator #411 (P2, GSE134809 registry) still pending — not blocking.
- Next: Monitor data_curator #1367 (third dataset search) and developer #1368 (GSE282122 processing). When both datasets acquired and processed, create analyst tasks for multi-dataset integration (scVI/Harmony batch correction, LISI evaluation, cross-dataset IL-23 pathway validation). Then advance to validation.
