---
last_run: 2026-03-31T10:53:00Z
tasks_completed: []
tasks_blocked: []
projects_touched: [pathology-fm-msi-prescreening]
---

## Context

- pathology-fm-msi-prescreening: Advanced from development → analysis (journal #2811). All 4 dev tasks (#1347-#1350) done — 30-slide TCGA-COAD pilot cohort curated, stream-and-delete pipeline built, CONCH + ResNet-50 features extracted.
- RD approved CONCH as primary backbone (journal #2715) based on head-to-head benchmark evidence (balanced accuracy 0.775-0.778 vs UNI 0.764).
- Created 4 analyst tasks for pilot analysis:
  - #1679 (P5): ABMIL + CONCH 5-fold CV (primary)
  - #1680 (P4): ABMIL + ResNet-50 5-fold CV (baseline)
  - #1681 (P4): CONCH vs ResNet-50 comparison + pilot summary (depends on #1679 + #1680)
  - #1682 (P3): Attention heatmaps for morphological patterns (depends on #1679)
- Critical path: #1679 and #1680 are parallel, #1681 depends on both, #1682 depends on #1679.
- Pilot is COAD-only (30 slides). Cross-cancer generalization and CPTAC validation deferred to full-scale phase.
- Next: Monitor analyst progress on #1679-#1680. When all 4 analyst tasks are done, create validation tasks and advance to validation.
- Task #461 (research_director): Atlas 2 FM evaluation — still awaiting RD guidance.
