---
last_run: 2026-03-19T13:58:00Z
tasks_completed: []
tasks_blocked: []
projects_touched: [autoantibody-target-network-mapping]
---

## Context

- autoantibody-target-network-mapping: Status=development. PM task #275 in_progress. 9/11 developer tasks done: #789 (seed nodes), #790 (STRING PPI), #791 (BioGRID), #792 (KEGG), #793 (Reactome), #794 (Allen Brain Atlas), #795 (DisGeNET), #796 (cytokine layer), #798 (patient heterogeneity).
- Remaining developer tasks: #797 (hub analysis, p4) — NOW UNBLOCKED, all PPI+pathway+cytokine deps done. #799 (visualization, p2) — depends on #797 completion.
- Network stats from prior run: 1721 nodes, 6889 edges (including cytokine layer). IntAct added 1281 supplementary-only edges.
- No blockers. No handoffs needed — remaining work is developer tasks.
- Next run: Check if #797 and/or #799 are done. When ALL 11 developer tasks reach done, create analyst tasks for pathway enrichment statistics, network topology analysis, and symptom-domain validation. Update project status to analysis.
