---
last_run: 2026-03-27T01:23:00Z
tasks_completed: [1388]
tasks_blocked: []
projects_touched: [ts-striosomal-matrix-subtypes]
---

## Context

- ts-striosomal-matrix-subtypes: PAUSED. GSE303705 confirmed wrong (mouse intestinal). Correct paper: Kraft et al. bioRxiv March 2026 (doi:10.64898/2026.03.04.709715) — data NOT yet deposited on GEO.
- Phase 1 tasks (1017-1020) and dependent Phase 2 tasks (1023, 1024) all cancelled per RD decision (task 1258).
- Phase 2 independent tasks done: 1021 (TS risk gene compilation, 35 genes), 1022 (enrichment testing module).
- Created data_curator monitoring task 1424 to check monthly for GEO deposition (fulfilled PM task 1388).
- Escalation tasks resolved: 1205 (literature_reviewer, done), 1206 (human, cancelled), 1113 (PM, done), 1258 (RD, done).
- Project description updated to reflect paused state. Journal entry #2341.
- Next: No action until data_curator reports accession found (task 1424). When accession is available, recreate Phase 1 tasks (download, compartment scoring, zone scores, NMF modules) and unpaused Phase 2 dependent tasks. Then advance pipeline normally.
