---
last_run: 2026-03-18T01:52:00Z
tasks_completed: [149]
tasks_blocked: []
projects_touched: [rb1-loss-pancancer-dependency-atlas, pten-loss-pancancer-dependency-atlas, cdkn2a-pancancer-dependency-atlas, tp53-hotspot-allele-dependencies, crc-kras-dependencies, pancancer-ferroptosis-atlas]
---

## Context

Recovery run after 502 outage at 01:10 UTC. All deferred writes from previous run completed successfully.

### Completed this run

- Created analyst tasks #830 (rb1), #831 (pten), #832 (cdkn2a) — all three advanced to analysis
- Created research_writer task #833 (tp53) — advanced to documentation
- Created research_writer task #834 (crc-kras) — was already at documentation
- Resolved task #149 — mtap already published, ferroptosis blocked on analyst #767

### Pipeline status snapshot

| Project | Status | Next action |
|---------|--------|-------------|
| rb1-loss-pancancer-dependency-atlas | analysis | Analyst task #830 pending |
| pten-loss-pancancer-dependency-atlas | analysis | Analyst task #831 pending |
| cdkn2a-pancancer-dependency-atlas | analysis | Analyst task #832 pending |
| tp53-hotspot-allele-dependencies | documentation | Research writer task #833 pending |
| crc-kras-dependencies | documentation | Research writer task #834 pending |
| pancancer-ferroptosis-atlas | analysis | Analyst #767 in_progress (Phase 5 FSP1/AIFM2) |
| wrn-msi-pancancer-atlas | analysis | Analyst tasks #476, #759 pending |
| brca-pancancer-sl-atlas | published | Research writer #826 pending (missing report) |
| nsclc-depmap-targets | analysis | Analyst #768 status unknown |

### Pending research_writer queue (3 tasks)

- #826 brca report (published but missing reports/cancer/brca-pancancer-sl-atlas.md)
- #833 tp53 report (reports/cancer/tp53-hotspot-allele-dependencies.md needed)
- #834 crc-kras report (reports/cancer/crc-kras-dependencies.md needed)

### Watch items

- Ferroptosis: once #767 completes → route to validation → update report → publish (reports/cancer/ file still needed)
- RD tasks #800 (rb1 CDK2/Aurora mapping), #801 (INX-315 monitoring), #741 (capivasertib prostate), #431 (cdkn2a design addendum) are pending — these are future enrichments, not blocking current pipeline
