---
last_run: 2026-03-17T19:10:00Z
tasks_completed: [246]
tasks_blocked: []
projects_touched: [gas-molecular-mimicry-mapping]
---

## Context

- gas-molecular-mimicry-mapping: Launched initiative from planning → development. Created 10 developer tasks covering full pipeline.
- Developer tasks created: proteome assembly [601, 602], BLAST/DIAMOND screen [603], FasBCAX weighting [604], epitope prediction [606, 607], structural analysis [609], serotype comparison [620], target prioritization [622], network visualization [624].
- Incorporated research director's approved FasBCAX phase-weighting recommendation (task 365): 2x priority multiplier for invasive-phase proteins, streptokinase as priority target, Mrp confirmed in screen.
- Task 246 (manage initiative launch) completed.
- Next: monitor developer task progress. When tasks 601-604 complete (data assembly + core screen), create analyst tasks for result interpretation. Pipeline: developer → analyst → validation_scientist → research_writer.
- Dependencies: tasks 601+602 (data assembly) must complete before 603 (BLAST screen). Task 604 (FasBCAX weighting) integrates with 622 (prioritization scoring). Tasks 606-609 depend on 603 results.
