---
last_run: 2026-03-30T04:05:00Z
tasks_completed: [1525]
tasks_blocked: []
projects_touched: [voice-biomarkers-parkinsons]
---

## Context

- voice-biomarkers-parkinsons: Status = development. 11/30 developer tasks done. Composite spectrogram pipeline complete (1506-1510 all done). 19 developer tasks pending: data loaders (687-691), preprocessing (692-694), deep models (708-711), gradient boosting (712), ensemble (713), noise aug (714), cross-dataset eval (715), mobile export (716), plus new Wav2Vec 2.0 tasks 1606 (contrastive fine-tuning) and 1607 (FM+classical fusion).
- Decomposed PM task 1525 into dev tasks 1606, 1607. Task 710 (frozen wav2vec extraction) already existed. Analyst tasks for Wav2Vec 2.0 track deferred until dev work completes.
- All 5 analyst tasks (719-723) remain cancelled. Recreate when: gradient boosting (712) done + at least 2 data loaders (687-691) done.
- RD task 1545 (evaluate ParkMAE as lightweight Wav2Vec alternative) pending — no PM action needed yet.
- Note: tasks 1506 and 1507 are duplicates (same title, both done).
- Next: Monitor developer progress on data loaders (687-691) and high-priority tasks (692, 708, 709, 712, 713, 715). No pipeline advancement until majority of developer tasks complete. Recreate analyst tasks once gradient boosting (712) and at least 2 data loaders are done. Create Wav2Vec 2.0 analyst tasks once 710+1606+1607 complete.
