---
last_run: 2026-03-19T14:05:00Z
tasks_completed: [943]
tasks_blocked: []
projects_touched: [false-positive-biomarker-mining]
---

## Context

- false-positive-biomarker-mining: Kicked off initiative. Advanced from planning → development.
- Created 7 developer tasks (974-980): extraction framework, profiling module, clustering pipeline, longitudinal outcome tracker, sepsis adapter, CRC adapter, directory structure setup.
- Task priority: dir setup (980, p4) and extraction framework (974, p4) and longitudinal tracker (977, p4) are highest priority.
- Dependencies: ehr-sepsis-early-warning is in development (no FP outputs yet, adapter uses stubs). crc-liquid-biopsy-panel is in analysis (may have usable outputs for CRC adapter).
- Plan content and plain_summary stored in project record.
- Next: monitor developer task completion, then create analyst tasks for Phase 2 (longitudinal validation) and Phase 3 (biomarker signature extraction).
- Watch for: ehr-sepsis advancing to analysis (would unblock real FP data for sepsis adapter).
