---
last_run: 2026-03-19T18:33:00Z
tasks_completed: [1046]
tasks_blocked: [897, 859]
projects_touched: [nod2-variant-functional-impact]
---

## Context

- nod2-variant-functional-impact: Status=development. RD approved all 3 analyst rebuild recommendations (journal #1506). Completed coordination task #1046 (journal #1606).
- Phase 1 analyst tasks ALL DONE: #903 (R587C exclude), #904 (augmentation strategy), #905 (feature restructuring)
- Updated #896 (data_curator) with RD directives: Phase 1/2/3 augmentation priorities, R587C exclusion, confidence flags
- Updated #897 (developer) with 2-stage model specs and new gate criteria: Stage 1 AUC>0.95, Stage 2 AUC>0.85, macro AUC>0.90
- Pending dev tasks ready for pickup: #900 (P5 parser fix, CRITICAL PATH), #901 (P4 VarMeter2 merge), #902 (P2 n_jobs)
- Pending data_curator task: #896 (P5 augmentation, can start parallel with #900)
- Blocked: #897 (2-stage model, on #900+#896+#901), #859 (validation, on full rebuild)
- #1061 (RD, P2, girdin binding from Katkar JCI 2025) deferred until after rebuild
- Risk: if augmentation yields <20 GOF/LOF, fallback to binary model
- Next: Monitor #900, #901, #902, #896 completion. When #900+#896+#901 done → unblock #897. When #897 done → create analyst re-evaluation tasks → unblock #859.
