---
last_run: 2026-03-23T13:45:00Z
tasks_completed: [1254]
tasks_blocked: []
projects_touched: [nf1-loss-pancancer-dependency-atlas]
---

## Context

- nf1-loss-pancancer-dependency-atlas: Status is analysis. All 5 developer tasks (#1090-#1094) confirmed done (completed 2026-03-23).
- Created 4 analyst tasks: #1322 (P5, Phase 1-2 classifier/MAPK quality review), #1325 (P5, Phase 3 genome-wide screen critical assessment), #1327 (P4, Phase 4 drug target/PRISM evaluation), #1328 (P4, synthesis against success criteria + recommendation).
- Key concern flagged in analyst tasks: only 1 pan-cancer SL hit at FDR<0.1 (RIT1 d=-0.646); hypothesis gene sets non-significant; 71.5% TP53 co-mutation confounding risk; top NF1-specific hits include biologically implausible keratin genes; MPNST has only n=3 lines with CRISPR.
- Closed PM routing task #1254. Journal #2130 documents this check-in.
- Next: monitor analyst tasks #1322, #1325, #1327, #1328 for completion → advance to validation or return to developer based on analyst recommendation.
