---
last_run: 2026-03-19T14:36:00Z
tasks_completed: [906]
tasks_blocked: [897]
projects_touched: [nod2-variant-functional-impact]
---

## Context

- nod2-variant-functional-impact: Validation REJECTED classifier (journal #1303). Regressed project status: analysis → development. Completed rebuild coordination (task 906).
- 3 critical issues: (1) parser bug corrupts 88% features, (2) LOF recall=0.0, (3) n=5 per rare class insufficient
- Blocked task 897 (2-stage model refactor) on #896 (augmented data) and #900 (parser fix)
- Verified #904 (analyst: design augmentation strategy) and #896 (data_curator: execute augmentation) are complementary, not duplicates
- Phase 1 tasks ready for immediate parallel execution: #900 (developer, P5 parser fix), #903 (analyst, P4 R587C resolution), #904 (analyst, P5 augmentation strategy), #902 (developer, P2 n_jobs)
- Phase 2: #896 (data_curator augmentation execution), #901 (developer VarMeter2 merge fix)
- Phase 3: #897 (developer 2-stage model build), #905 (analyst feature guidance)
- Phase 4: new analyst re-evaluation tasks, re-validation (unblock #859), #927 benchmark deferred
- Gate: macro AUC>0.85 with LOF recall>0.5 before advancing to analysis (per research_director journal #1316)
- Risk: if augmentation yields <20 GOF/LOF variants, fallback to binary model approach
- Next: Monitor Phase 1 tasks (#900, #903, #904, #902). When #900 + #904 done, unblock Phase 2. When all dev tasks done, advance back to analysis.
