---
last_run: 2026-03-18T02:27:00Z
tasks_completed: [26]
tasks_blocked: []
projects_touched: [nod2-variant-functional-impact]
---

## Context

- nod2-variant-functional-impact: Launched initiative from planning → development phase (DB was reset since last run, recreated all tasks)
- Created 8 developer tasks (IDs 64-71) covering full pipeline:
  - P5: data collection (64: ClinVar/gnomAD/IBDGC variants, 65: AlphaFold structure + dbNSFP scores)
  - P4: feature engineering (66: conservation PhyloP/GERP++, 67: structural/VarMeter2, 68: girdin binding)
  - P3: training set + model (69: RIPK2/NF-kB features + GOF/neutral/LOF training set, 70: ensemble classifier)
  - P2: output (71: VUS classification + visualization)
- Dependencies: 64-65 parallel → 66-68 parallel → 69 (merge) → 70 (model) → 71 (VUS output)
- Project status updated to "development", journal entry #23 documents the launch
- Next: Monitor developer task completion. When 64-65 reach done, tasks 66-68 can begin. When all 64-68 done, task 69 can start. 70-71 are sequential after 69.
