---
last_run: 2026-03-30T03:55:00Z
tasks_completed: [1559, 1516]
tasks_blocked: []
projects_touched: [microbiome-metabolome-subtyping]
---

## Context

- microbiome-metabolome-subtyping: Advanced from ANALYSIS to VALIDATION phase. All analyst and developer tasks complete. Journal #2635.
- Analysis phase complete: #851 (clinical relevance), #1333 (cross-cohort — species silhouette 0.005, subtypes are metabolite-defined), #1334 (bile acids — all 4 present, no sig subtype diff), #1422 (Clostridia amides — negative result).
- Developer completed: #1464 (R/curatedMetagenomicData), #1420 (IIRN 80 CD paired data), #1421 (pediatric multi-omics).
- PM #1559 resolved: catalyst bile acid recommendation already addressed by #1334.
- PM #1516 resolved: IIRN validation coordination now via validation tasks.
- RD key decisions (journal #2497): subtypes are metabolite-defined, revised success criterion silhouette >0.15 in paired external cohort, species classifier is triage only, clinical narrative = metabolite panel deployment.
- Validation tasks created: #1592 (p5, IIRN paired external validation — PRIMARY), #1593 (p4, curatedMetagenomicData species classifier — SUPPLEMENTARY), #1594 (p4, statistical rigor review of all analysis findings).
- Labels: microbiome, multi-omics, biomarker, novel-finding, high-priority, promising.
- Next PM action: Monitor validation_scientist completion of #1592, #1593, #1594. When all done, advance based on results: validation passes → documentation phase (research_writer). Validation fails → return issues to developer/analyst.
