---
last_run: 2026-03-18T02:26:00Z
tasks_completed: [806]
tasks_blocked: []
projects_touched: [microbiome-metabolome-subtyping]
---

## Context

- microbiome-metabolome-subtyping: Advanced from development → analysis phase.
- All 8 developer tasks (511, 513, 515, 519, 520, 521, 529, 530) confirmed done. 82 tests passing.
- Created 4 analyst tasks: #849 (P4, cluster stability/k selection), #850 (P4, biological validation/Montreal mapping), #851 (P3, clinical relevance/treatment response), #852 (P3, cross-cohort reproducibility).
- Dependency chain: #849 → #850 → #851; #852 after #849+#850.
- Created validation_scientist task #853 (P3, pipeline reproducibility review).
- 5 data_curator tasks (#172, #173, #228, #271, #453) continue in parallel for external validation datasets.
- Project status: analysis. Labels: microbiome, multi-omics, biomarker, novel-finding, high-priority.
- Next PM action: Monitor analyst progress on #849 (cluster stability). When analyst tasks reach done, create validation tasks for validation phase. If analyst flags significant findings, update project labels.
