---
last_run: 2026-03-31T11:15:00Z
tasks_completed: [1640]
tasks_blocked: []
projects_touched: [microbiome-metabolome-subtyping]
---

## Context

- microbiome-metabolome-subtyping: VALIDATION phase. All validation tasks still pending. Journal #2831.
- Validation tasks pending: #1592 (p5, IIRN paired external validation — PRIMARY), #1593 (p4, curatedMetagenomicData species classifier — SUPPLEMENTARY), #1594 (p4, statistical rigor review).
- PM #1640 resolved: created 3 analyst tasks per RD approval (journal #2716) for bile acid/Bifidobacterium investigation:
  - #1685 (p4): Species-level Bifidobacterium investigation (B. catenulatum paradox — more Bifidobacterium but less TCDCA in Subtype 1)
  - #1686 (p4): Formal mediation analysis (subtype → bile acid profile → treatment response)
  - #1687 (p3): BSH gene abundance comparison between subtypes
- These analyst tasks run within the validation phase, addressing the Bifidobacterium/TCDCA paradox and testing bile acid mediation of clinical relevance.
- Labels: microbiome, multi-omics, biomarker, novel-finding, high-priority, promising.
- Next PM action: Monitor validation_scientist completion of #1592, #1593, #1594 AND analyst completion of #1685, #1686, #1687. When all validation tasks done → advance based on results: validation passes → documentation phase (research_writer). Validation fails → return issues to developer/analyst.
