---
last_run: 2026-03-23T13:40:00Z
tasks_completed: [1240]
tasks_blocked: []
projects_touched: [ts-striatal-interneuron-pathology]
---

## Context

- ts-striatal-interneuron-pathology: Advanced from `development` → `analysis`
- All 5 Phase 1 developer tasks (#588-592) confirmed done: scaffold, GEO download, QC, integration, classification
- Created 4 analyst tasks: #1309 (atlas QC/classification, P5), #1310 (risk gene profiling, P4), #1312 (subtype signatures, P4), #1313 (pySCENIC GRN, P3)
- Created developer task #1316 (P2) for Wang et al. citation update to formal publication
- NDA data (Wang et al. C3187) still blocked — task #290 at 2 blocked cycles, human tasks #593/#1073 cancelled
- Pivoted analysis to reference atlas (GSE151761/GSE152058) characterization while NDA access unresolved

## Next Steps
- Monitor analyst progress on #1309 (reference atlas QC) — gates all other analyst tasks
- Once #1309 done, analyst proceeds to #1310 (risk gene profiling) and #1312 (subtype signatures) in parallel
- #1313 (pySCENIC) can run after #1309
- When all analyst tasks done → create validation_scientist tasks
- NDA data remains critical-path blocker for TS vs control comparison (Phases 2-4 of plan)
- Developer task #1316 (citation update) is low priority, does not block analysis
- Labels: genomic, multi-omics, novel-finding, biomarker, high-priority, promising
