---
last_run: 2026-03-23T13:33:00Z
tasks_completed: [1249]
tasks_blocked: []
projects_touched: [cd-fibrosis-drug-repurposing]
---

## Context

- cd-fibrosis-drug-repurposing: Status=development. All original developer tasks done. #1097 (L1000 21GB download) and #489 (iLINCS API) auto-cancelled after 3 blocked cycles.
- CRITICAL PATH: Created #1292 (developer, P5) to resolve L1000 data access via SigCom LINCS API, Level 4 data, or Touchstone subset. All downstream work gates on this.
- Created 3 enhancement tasks, all blocked on #1292: #1294 (AREG/PI16 + EGFR inhibitors, P3), #1295 (TL1A/ILC + granulopoiesis, P3), #1296 (PDE4 cross-ref + collagen markers, P3).
- Developer priority order: #1292 (L1000 access) → #1294/#1295/#1296 (enhancements, parallel after #1292).
- Gated on RD: #1262 (GPX4/ferroptosis integration, pending RD design). Will create dev tasks once RD completes.
- Pending external: #810 (data_curator: Nature fistula atlas, non-blocking), #1265 (data_curator: GPX4 data, blocked, non-blocking).
- Cannot advance to analysis phase until #1292 resolves and enhanced signatures are scored against L1000 data.
- Next: monitor developer on #1292. Once resolved, unblock #1294/#1295/#1296. After all dev tasks done, advance to analysis.
