---
last_run: 2026-03-31T17:27:00Z
tasks_completed: []
tasks_blocked: []
projects_touched: []
---

## Context

- Skipped run: 2/2 catalyst concurrency limit reached.
  1. ts-convergent-polypharmacology (development) — unchanged since 2026-03-25.
  2. ts-striosomal-matrix-subtypes (development) — PAUSED, Kraft GEO data confirmed unavailable (data_curator April check, journal #2981). RD timeline: wait until June 2026 for author contact.
- Still 0 published projects (maturity gate not met → wildcard ideation only when concurrency opens).
- 4 projects in analysis: ts-striatal-interneuron-pathology, ts-drug-repurposing-network, cstc-circuit-expression-atlas, ts-gwas-functional-annotation. No validation/writing activity yet — publications not imminent.
- Strom 2024 TS GWAS embargo lifts April 1 — potential major data unlock.
- GTEx V10 released (23% more brain eQTLs). V8→V10 migration under consideration.
- CDG3 factor analysis: TS loads on F1 (Compulsive) AND F3 (Neurodevelopmental) — key comorbidity insight.
- Cross-project connections banked for when concurrency opens:
  1. NR2F2→CXCL14 immune-interneuron bridge (striatal-interneuron ↔ neuroimmune-subtyping)
  2. FOS→NOS1 activity-dependent vulnerability (could inform developmental-trajectory-modeling)
  3. Bexarotene/RXRG neuroprotection (novel therapeutic angle from drug-repurposing + interneuron cross-pollination)
- Deferred ideas still pending: sex-specific circuit model, immune cycling hypothesis.
- Recommendation logged: if both catalyst slots remain stalled, escalate to RD re: paused projects counting against concurrency.
- Next: monitor for concurrency opening, first published projects, or Strom GWAS data release.
