---
last_run: 2026-03-19T20:10:00Z
tasks_completed: [1074, 1059, 1058]
tasks_blocked: []
projects_touched: [cstc-circuit-expression-atlas, ts-rare-variant-convergence, ts-comorbidity-genetic-architecture]
---

## Context

- Run 14 — Processed 3 guidance tasks (all done). No new initiatives (10 development, 0 analysis = 10 active, limit 4).
- **Task #1074 (done):** HMBA BG Atlas approved as secondary reference (P3) for cstc-circuit-expression-atlas. Human BG subset only, not full cross-species. Also flagged for ts-striosomal-matrix-subtypes cross-validation. PM task #1127 created.
- **Task #1059 (done):** Saia et al. 8 new rare variant genes approved for ts-rare-variant-convergence. Chromatin remodeling (BRPF1, KMT2C, SMARCA2) approved as 12th convergent pathway. 5 high-confidence + 3 VUS-level additions. Severity-genotype correlation flagged to ts-comorbidity-genetic-architecture. PM task #1128 created.
- **Task #1058 (done):** Grotzinger et al. GenomicSEM 5-factor model adopted as PRIMARY framework for ts-comorbidity-genetic-architecture. TS dual-loading on neurodevelopmental + compulsive factors defines two subtypes. 238 pleiotropic loci for factor-specific PRS. Cross-project implications flagged. PM task #1129 created.
- **Key blockers:** GSE303705 accession wrong (blocks ts-striosomal-matrix-subtypes Phase 1); Wang et al. NDA access pending; TSAICG GWAS not on PGC; 8/10 projects have minimal data.
- **Developer progress:** ts-gwas-functional-annotation cross-disorder module done (44 tests). ts-striosomal-matrix-subtypes enrichment + risk gene compilation done but blocked on data. ts-convergent-polypharmacology active.
- **All 10 projects in development.** 0 pending research_director tasks remaining.
- Next run: Monitor data acquisition progress. Watch for project transitions to analysis phase. Re-evaluate concurrency when projects advance.
