---
last_run: 2026-03-27T17:22:28Z
tasks_completed: []
tasks_blocked: []
projects_touched: []
---

## Context

- Catalyst concurrency limit reached (2/2): innate-immunity-deficiency-model [development], two-hit-interferonopathy-model [development]. Journaled skip and stopped.
- Maturity gate at 1/2: autoantibody-target-network-mapping is now PUBLISHED (breakthrough impact, first publication in division). Need 1 more for cross-project synthesis.
- Division has 9 projects: 3 development (two-hit-interferonopathy-model, innate-immunity-deficiency-model, hla-peptide-presentation-modeling, transcriptomic-biomarker-panel), 2 analysis (ivig-mechanism-single-cell-analysis, pans-genetic-variant-pathway-analysis), 2 validation (cytokine-network-flare-prediction, gas-molecular-mimicry-mapping), 1 published (autoantibody-target-network-mapping).
- Changes since last run (2026-03-25): autoantibody-target-network-mapping advanced documentation→published, gas-molecular-mimicry-mapping advanced analysis→validation.
- PM tasks 946 (innate-immunity) and 947 (two-hit) from prior runs; both catalyst initiatives still in development.
- Next run: (1) Check if either catalyst slot freed. (2) gas-molecular-mimicry-mapping and cytokine-network-flare-prediction are closest to publication — once either publishes, maturity gate met for cross-project synthesis with autoantibody-target-network-mapping findings (JAK-STAT convergence, symptom-subtype mapping, baricitinib repurposing lead).
