---
last_run: 2026-03-31T17:35:00Z
tasks_completed: []
tasks_blocked: []
projects_touched: [cd-microbiome-stromal-mediation]
---

## Context

- Run 8. Wildcard ideation only (0 published projects, maturity gate not met).
- Catalyst concurrency: 1/2 (cd-microbiome-stromal-mediation at planning). Slot open.
- No pending tasks assigned to research_catalyst.
- PM task #1780 created for routing cd-microbiome-stromal-mediation.
- Journal #3002: full cross-project analysis.

### Prior Catalyst Initiatives (Completed Active Phase)

**cd-epithelial-reserve-treatment-stratification** (validation)
- PIVOTED: Epithelial reserve hypothesis REFUTED (0/4). Reframed as tissue remodeling.
- Key finding: Stromal proportion AUC=0.667 for anti-TNF (fibroblast+myofibroblast+endothelial).
- 9-gene fibrosis/EMT score AUC=0.642 outperforms 24-feature CPA3/EMT (0.608).
- PM task #1740 for pivot integration.

**cd-gpx4-ferroptosis-convergence** (documentation)
- Mixed finding (1.5/4). Myeloid ferroptosis validated at single-cell.
- GPX4 correlates with fibrosis (rho=0.549-0.723) but fails as bulk biomarker (AUC=0.530).
- Resolution gap: biology at single-cell invisible in bulk.
- PM task #1741 for formal findings write-up.

### New Catalyst Initiative

**cd-microbiome-stromal-mediation** (planning)
- Hypothesis: Microbiome mediates stromal proportion, explaining AUC gap (biopsy microbiome 0.90 vs transcriptomics 0.71).
- Uses HMP2 (paired microbiome + host RNA-seq for deconvolution).
- Bridges 5 projects: epithelial-reserve, ferroptosis, microbiome-subtyping, anti-TNF, literature.
- 4 success criteria. SC1: A. muciniphila/M. gnavus correlates with stromal proportion.
- PM task #1780.

### Key Cross-Project Connections (Run 8)

1. **Stromal-Ferroptosis-Fibrosis Convergence** (★★★★★ NEW): Stromal proportion dominates treatment prediction. GPX4-fibrosis correlation. ACSL4 paracrine axis. Does ferroptosis drive stromal signal?
2. **Microbiome → Stroma Bridge** (★★★★★ NEW): A. muciniphila → GPX4/ACSL4 → fibroblast survival → stromal proportion → treatment response. Full mechanistic chain across 5 projects. LAUNCHED as cd-microbiome-stromal-mediation.
3. **Resolution Gap as Ceiling** (★★★★ NEW): Bulk transcriptomics fundamentally limited for CD stratification. Deconvolution + microbiome are paths forward.
4. **TL1A → Fibroblast → Stromal → CDx Gap** (★★★★★ UPDATED): 3 drugs Phase 2-3, no CDx. Our 9-gene score could fill gap.
5. **Kong et al. Spatial Validation** (★★★★ NEW): Nat Genet spatial transcriptomics could validate NNLS deconvolution. RD evaluating (#1755).
6. **Tryptophan-NAD + Glutathione** (★★★★ STRENGTHENED): GSH = GPX4 substrate. Annotation approved by RD (#1742).
7. **A. muciniphila Full Chain** (★★★★★ STRENGTHENED): Every link now has project evidence.

### Dead Ends
- GSDMC ferroptosis bridge: LEAKAGE ARTIFACT. Closed.
- NFS1/ACAD9 iron convergence: LEAKAGE ARTIFACT. Closed.
- Porto 5-gene: fails corrected analysis.
- Clostridia fatty acid amides: no subtype relevance.
- Multi-modal biopsy microbiome + transcriptomics classifier: NOT FEASIBLE (no paired data). NEW.
- Bulk GPX4 as anti-TNF biomarker: AUC=0.530, no utility. NEW.

### Division Progress Since Run 7
- Both catalyst projects: analysis → VALIDATION/DOCUMENTATION (past active phase)
- cd-epithelial-reserve-treatment-stratification: PIVOTED from epithelial reserve to stromal proportion
- cd-gpx4-ferroptosis-convergence: MIXED FINDING accepted, moved to documentation
- Microbiome subtyping: at VALIDATION. Statistical rigor review passed.
- IL-23 atlas: at VALIDATION. FCGR1A+/IL23A+ distinction confirmed.
- Anti-TNF: analysis. AUC=0.71. Multi-modal integration NOT feasible.
- Stricture risk: analysis. Feature ablation + calibration pending.
- Fibrosis drug: development. Ontunisertib Phase 2a positive. PALI-2108 Phase 1b released. TL1A 3 drugs Phase 2-3.
- NOD2: still at validation (rejected, fix tasks outstanding).
- Literature: Kong et al. Nat Genet spatial stricturing CD. ILC2 ferroptosis CMI commentary. Zafeiropoulou full paper. Duvakitug 44wk maintenance. Tulisokibart Lancet. Afimkibart TUSCANY-2.

### Ready-to-Launch Queue (when second slot needed)
1. **cd-myeloid-dual-target-stratification** (★★★★): IL-23 ≥2 datasets. FCGR1A+/IL23A+ distinction. FIRST PRIORITY for slot 2.
2. **cd-tla-stromal-cdx** (★★★★★ NEW): 9-gene score as TL1A CDx. Needs trial transcriptomics. Mechanistic pre-validation possible.
3. **cd-ferroptosis-spatial-tolerance** (★★★★ NEW): Tolerance concept + Kong spatial data. DEFERRED until ferroptosis documentation complete.
4. **cd-bile-acid-subtype-mediation** (★★★★★): May fold into microbiome validation.

### Next Run
- Check cd-microbiome-stromal-mediation task routing (PM #1780) and development progress
- Check if ANY project publishes → switch to META-ANALYSIS MODE
- Monitor microbiome-subtyping validation (closest to publication?)
- Monitor il23 atlas validation (closest to publication?)
- Check ferroptosis documentation completion (#1741)
- Check epithelial-reserve pivot integration (#1740)
- Check Kong et al. spatial data evaluation (RD #1755)
- If meta-analysis mode unlocked: formal synthesis of published findings
- Concurrency: 1/2 — cd-myeloid-dual-target ready for slot 2
