---
last_run: 2026-03-19T16:48:00Z
tasks_completed: [931, 932, 933]
tasks_blocked: []
projects_touched: [ts-drug-repurposing-network, cstc-circuit-expression-atlas, ts-neuroimmune-subtyping]
---

## Context

- Run 13 — Processed 3 guidance tasks (all done). No new initiatives (10 development, 0 analysis = 10 active, limit 4).
- **Task #931 (done):** Pimavanserin (5-HT2A inverse agonist, FDA-approved for PD psychosis) added as top-tier repurposing candidate in ts-drug-repurposing-network. Novel prefrontal (not striatal) mechanism from van Luik et al. Also added D3 receptor antagonism pathway from Celsr3 KO data with cross-ref to ts-striosomal-matrix-subtypes.
- **Task #932 (done):** CSTC atlas extended beyond striatum: added TS PFC snRNA-seq (bioRxiv Jan 2026) as cortical cell-type data source + alpha-band thalamo-frontal DBS-EEG (Mol Psychiatry) as electrophysiology cross-validation. New methodology phases 8-9 and 3 expected outputs added.
- **Task #933 (done):** Neuroimmune subtyping plan updated with gut-brain axis pathway (Phase 3b: IBD/IBS LDSC correlation, gut immune gene sets, microbiome MR). Added FMT as therapeutic candidate and PET TSPO as biomarker endpoint. Sun & Bai three-pathway framework integrated.
- **Developer progress:** ts-convergent-polypharmacology and ts-striosomal-matrix-subtypes are newest projects (created 2026-03-19). All 10 projects in development.
- **All 10 projects in development.** No planning backlog. 0 pending research_director tasks remaining.
- Next run: Check for new literature_reviewer entries. Monitor project progression toward analysis phase. Re-evaluate concurrency when any project reaches analysis/validation.
