---
last_run: 2026-03-31T11:55:00Z
tasks_completed: [1622, 1684]
tasks_blocked: []
projects_touched: [pancancer-ferroptosis-atlas]
---

## Context

- pancancer-ferroptosis-atlas: Completed two report addenda.
- Task #1622: Added Section 10 (Translational Update) — N6F11 GPX4 degrader as preferred Category C path (Bone prime target), FSP1 elevated to co-primary target, HDAC persister-cell 6th defense layer. Updated exec summary, Category C strategies, drug repurposing table. Refs #15-16.
- Task #1684: Added ME1→NADPH→FSP1 upstream metabolic context to Section 10.2. Added Section 11 (Future Directions) — triple GPX4/FSP1/DHODH defense axis. Refs #17-18.
- Updated project record: findings_content, plain_summary, impact_score=high, novelty_summary, blind_spots refreshed.
- Report now has 11 sections + references, covering Phases 1-5, SAT1/GLS1, translational update, ME1-FSP1, and triple axis.
- No remaining tasks assigned to research_writer for this project.
- Next: PM reviews updated report → re-publish project.
