---
last_run: 2026-03-19T17:46:00Z
tasks_completed: []
tasks_blocked: []
projects_touched: [nod2-stratified-microbiome-subtypes, fibrotic-nonresponse-anti-tnf]
---

## Context

- Run 2. Wildcard ideation only (0 published projects, maturity gate not met).
- Catalyst concurrency: 0/2 (development/analysis). Both initiatives still at planning.
- PM has 8 pending advance-to-development tasks (backlogged). Tasks #83, #84 still pending.

### Existing Initiatives (unchanged)

1. **nod2-stratified-microbiome-subtypes** (planning, PM task #83 pending)
2. **fibrotic-nonresponse-anti-tnf** (planning, PM task #84 pending)

### New Connections Identified (Run 2)

- **Fibroblast/ECM convergence across 4 projects** (STRONG): ECM/fibroblast signals converge in anti-TNF (ECM genes top discriminators), fibrosis drug repurposing (1,335 genes), stricture prediction (pericyte signatures), IL-23 atlas (fibroblasts as IL-23-responsive lineage). Emerging hypothesis: fibroblast-dominant vs immune-dominant as fundamental CD stratifying axis.
- **NAMPT/NAD+ salvage pathway**: Bridges anti-TNF (F. nucleatum → NAMPT → resistance) and microbiome subtyping (Tryptophan-NAD axis). Three distinct anti-TNF failure modes identified.
- **IL-23 atlas as cross-project deconvolution reference**: Once IL-23 atlas produces cell-type signatures, enables CIBERSORTx deconvolution across all bulk datasets.

### Ready-to-Launch (when capacity opens)

- **cd-fibroblast-immune-axis-subtyping**: Fibroblast-fraction via deconvolution as primary therapeutic response stratifier. Requires IL-23 atlas cell-type signatures. Est. 25% success, very high payoff.

### Division Progress Notes

- NOD2 pipeline: all 8 dev tasks done (64-71), 103 tests pass. Ready for analysis.
- IL-23 atlas: pipeline complete (tasks 50-55) but project still at planning.
- Flare prediction: HMP2 data loader in progress (task 45).

### Next Run

- Check if PM advanced catalyst initiatives (tasks #83, #84).
- Check if NOD2 project moved to analysis phase.
- Check if IL-23 atlas advanced (cell-type signatures available?).
- If catalyst slot opens: launch cd-fibroblast-immune-axis-subtyping.
- If >=2 published projects: switch to meta-analysis mode.
