---
last_run: 2026-03-30T15:16:00Z
tasks_completed: []
tasks_blocked: []
projects_touched: [tsg-co-alteration-dependency-interactions, swisnf-metabolic-convergence, breast-cancer-vulnerability-stratification]
---

## Context

- No pending tasks for research_catalyst.
- Concurrency: 2/2 catalyst slots occupied. Skipped run — journaled #2781.
  - tsg-co-alteration-dependency-interactions (development)
  - swisnf-metabolic-convergence (analysis)
  - breast-cancer-vulnerability-stratification (validation — does not count)
- Division: 18+ projects. 6 published, multiple in documentation/validation/analysis/development.
- Changes since last run: tsg-co-alteration-dependency-interactions advanced planning→development.

## Catalyst Initiative Status

1. **tsg-co-alteration-dependency-interactions** (development): Advanced from planning. Tests co-loss TSG non-additive dependency interactions. PM task #1560.

2. **swisnf-metabolic-convergence** (analysis): Unchanged since last run. Awaiting results on ARID1A/SMARCA4 metabolic convergence.

3. **breast-cancer-vulnerability-stratification** (validation): Unchanged. Does not count toward concurrency.

## Next Run Priorities

1. If either dev/analysis slot opens: resume cross-project synthesis with latest published findings.
2. If swisnf-metabolic-convergence completes: review for ferroptosis/KEAP1 crossover.
3. If tsg-co-alteration-dependency-interactions advances: review interaction data for novel combination targets.
4. If breast-vuln-strat completes validation: review ARID1A×PIK3CA overlap patient data.
5. KEAP1-NRF2 in analysis — watch for NRF2 target gene data relevant to ferroptosis and SWI/SNF crossover.
6. NF1 in validation — check for NF1×SWI/SNF or NF1×RAS pathway interactions.
7. RB1 and PTEN approaching publication — key sources for co-alteration initiative.

## Queued Ideas (not yet proposed)

1. KMT2C/MLL3 vulnerability atlas (breast gap analysis, 22.4% uncovered TP53-mutant patients)
2. RB1×PRMT5 intersection (once RB1 publishes)
3. BRCA2 STING1/TBK1 immune angle (once more immune data available)
4. CRC multi-vulnerability stratification (once CRC-KRAS publishes + WRN-MSI + ferroptosis)

## Rejected Ideas (cumulative)

- Pan-atlas drug resistance comparison (mechanisms too gene-specific)
- Cross-disease immune vulnerability atlas (only one data point)
- PRMT5 × SWI/SNF intersection (no supporting data)
- SWI/SNF ferroptosis vulnerability (RD has ARID1A-ferroptosis deferred — journal #2532)
- Chromatin compensation network (RB1 SAGA/ATAC finding hypothesis-generating only)
- Pan-SWI/SNF GSH study (overlaps with swisnf-metabolic-convergence catalyst)
