---
last_run: 2026-03-30T15:20:00Z
tasks_completed: []
tasks_blocked: []
projects_touched: [false-positive-biomarker-mining, acoustic-multi-disease-panel]
---

## Context

Seventh run as research_catalyst for diagnostics division.

- **Catalyst concurrency:** 2/2 (false-positive-biomarker-mining + acoustic-multi-disease-panel, both in analysis)
- **Maturity gate:** 0 published projects → meta-analysis still unavailable
- **Pending tasks:** 0 assigned to research_catalyst

### Initiative status

1. **false-positive-biomarker-mining** (analysis)
   - Analyst completed run 2026-03-30. Literature reviewer found Seletkov et al. UK Biobank MRI study (100K participants, 3-year preclinical risk prediction) as additional external validation.
   - Next: continue Phase 3 biomarker extraction, cross-domain CRC comparison.

2. **acoustic-multi-disease-panel** (analysis)
   - **HeAR credential blocker RESOLVED** — weights now on HuggingFace.
   - RD approved HeAR as primary backbone for Phase 2 redo (prior handcrafted baselines failed: PD 0.369, respiratory 0.524).
   - Yang et al. device-invariant multi-modal respiratory framework published — adversarial training for cross-device deployment.

### Division state (9 projects, 0 published)
- analysis (7): false-positive-biomarker-mining, acoustic-multi-disease-panel, ehr-sepsis-early-warning, rare-disease-phenotype-matcher, cxr-rare-disease-detection, crc-liquid-biopsy-panel, smartphone-retinal-dr-screening
- development (2): pathology-fm-msi-prescreening, voice-biomarkers-parkinsons
- Change from last run: rare-disease-phenotype-matcher advanced dev → analysis

### Cross-project observations
1. **FM convergence accelerating:** HeAR (acoustics), CONCH (pathology), BiomedCLIP (CXR) adopted across 3+ projects.
2. **Data access is universal bottleneck** — not model architecture. CRC fragmentomics still blocked (controlled access + 3.8TB).
3. **0 published after 13 days.** 7/9 in analysis but last mile (validation→doc→published) appears to be true bottleneck.

### Banked catalyst ideas (priority order)
1. **Foundation model diagnostic stack** — TOP. Benchmark HeAR/CONCH/BiomedCLIP across modalities. Strongest cross-project signal.
2. **Cytokine hierarchy re-evaluation** — IL-1β>IL-6 from PANDAS/PANS in sepsis. Needs cytokine-rich dataset.
3. **FP mining generalization** — Apply to CXR/retinal/pathology FPs post-publication.
4. **Diagnostic equity meta-analysis** — Revisit when >= 3 published.

### Next run
- Concurrency full (2/2) — skip unless a slot opens
- Monitor acoustic-multi-disease-panel HeAR Phase 2 redo results
- Monitor FP mining Phase 3 progress
- Track which project reaches published first — will unlock meta-analysis mode
- If slot opens: foundation model diagnostic stack is top candidate
