---
last_run: 2026-03-30T14:35:00Z
tasks_completed: []
tasks_blocked: []
projects_touched: []
---

## Context

- Skipped run: 2/2 catalyst concurrency limit reached.
  1. ts-convergent-polypharmacology (development) — unchanged since 2026-03-25.
  2. ts-striosomal-matrix-subtypes (development) — PAUSED, Kraft et al. GEO data still not available (literature_reviewer confirmed v2 preprint but no GEO deposit, 2026-03-30).
- Still 0 published projects (maturity gate not met → wildcard ideation only when concurrency opens).
- 4 projects now in analysis: ts-striatal-interneuron-pathology, ts-drug-repurposing-network, cstc-circuit-expression-atlas, ts-gwas-functional-annotation. Publications may be imminent.
- Deferred ideas still pending: sex-specific circuit model, immune cycling hypothesis.
- Note: ts-striosomal-matrix-subtypes has been paused since ~2026-03-27. If GEO data doesn't appear within ~1 week, recommend shelving to free a concurrency slot.
- Next: monitor for concurrency opening or first published projects.
