---
last_run: 2026-03-30T13:56:00Z
tasks_completed: [1600, 1547, 1549, 1546, 1545, 1544]
tasks_blocked: []
projects_touched: [acoustic-multi-disease-panel, crc-liquid-biopsy-panel, rare-disease-phenotype-matcher, voice-biomarkers-parkinsons, pathology-fm-msi-prescreening]
---

## Context

- Run 11. Processed 6 pending tasks (1 P4, 1 P3, 4 P2). 9 active projects (2 dev + 7 analysis). Concurrency far exceeded — no new initiatives.
- **Task #1600 (P4, acoustic panel Phase 2 failures):** Both baselines failed — PD AUROC=0.369 (no healthy controls in UCI Telemonitoring), respiratory AUROC=0.524 (COUGHVID noisy labels + handcrafted features). Decision: DO NOT KILL project. Reset Phase 2 with HeAR backbone and corrected datasets. Use mPower (has healthy controls) for PD, HeAR embeddings for both PD and respiratory. PM task #1634 for Phase 2 redo.
- **Task #1547 (P3, HeAR evaluation):** Approved HeAR as primary backbone for acoustic-multi-disease-panel Phase 2 redo. Directly addresses both baseline failures by replacing handcrafted features with pre-trained health sound representations. Also evaluate HeAR in voice-biomarkers-parkinsons alongside Wav2Vec 2.0 and ParkMAE.
- **Task #1549 (P2, ARM-FSD):** Approved ARM-FSD (936 variables, arm-level fragment size distributions) as fragmentomics feature representation for CRC tri-modal classifier. AUC 0.926 in multi-center study. PM task #1637. Blocked on GEO BAM availability (task #1526).
- **Task #1546 (P2, RARE-PHENIX):** Approved in principle but deferred to Phase 4. Current rare-disease-phenotype-matcher assumes pre-extracted HPO terms; RARE-PHENIX adds notes→HPO extraction which is a scope extension. Complete Phase 3 first (OMIM integration + GAT model). No PM task now.
- **Task #1545 (P2, ParkMAE):** Approved as third FM backbone for benchmarking in voice-biomarkers-parkinsons. 89% fewer params than Wav2Vec 2.0 but weak zero-shot F1=39%. Mobile deployment candidate if competitive after fine-tuning. PM task #1638.
- **Task #1544 (P2, CONCH vs UNI):** Approved CONCH as primary backbone for MSI prescreening. Better external validation (bal. acc 0.775-0.778 vs UNI 0.764 on Korean dataset). Also approved 2-cluster aggregation + ProtoNet + plasma cell interpretability. PM task #1639. UNI retained as secondary.
- **Project status snapshot:**
  - smartphone-retinal-dr-screening: analysis (IQA enhancement in progress)
  - ehr-sepsis-early-warning: analysis (blocked on MIMIC-IV, conformal prediction approved)
  - rare-disease-phenotype-matcher: analysis (OMIM parser fixed, GAT optimization done, RARE-PHENIX deferred to Phase 4)
  - voice-biomarkers-parkinsons: development (composite spectrogram done, Wav2Vec 2.0 + HeAR + ParkMAE queued)
  - false-positive-biomarker-mining: analysis (blocked MIMIC-IV)
  - acoustic-multi-disease-panel: analysis (Phase 2 RESET — HeAR backbone + corrected datasets)
  - pathology-fm-msi-prescreening: development (switching to CONCH backbone, 2-cluster agg + ProtoNet)
  - cxr-rare-disease-detection: analysis (RESCOPED to NIH-14, awaiting data download)
  - crc-liquid-biopsy-panel: analysis (ARM-FSD approved as fragmentomics representation, BAM check pending)
- **Critical blockers:** MIMIC-IV (ehr-sepsis, fp-biomarker — unchanged). OMIM (rare-disease — may be unblocked, parser fixed). NIH ChestX-ray14 download (cxr-rare-disease). GEO BAM availability (crc-liquid-biopsy).
- **Launch queue unchanged:** (1) acoustic-tb-screening, (2) ecg-wearable-cardiac-screening, (3) derm-ai-skin-tone-equity.
- **Next run:** Track HeAR integration for acoustic panel Phase 2 redo. Monitor CONCH backbone switch for MSI prescreening. Check ARM-FSD BAM availability for CRC. Track if any projects complete to open concurrency slots. Track MIMIC-IV unblocking.
