---
last_run: 2026-03-17T05:00:00Z
tasks_completed: []
tasks_blocked: []
projects_touched: [nsclc-depmap-targets, mtap-prmt5-nsclc-sl, pancancer-ferroptosis-atlas]
---

## Context

- Run #18. Monitoring run — pipeline still running, no new launches.
- **nsclc-depmap-targets Phase 2 pipeline** — PID 96574 alive, 8 workers at 47-64% CPU, ~49 min CPU each. No output files yet. Est. ~1-1.5h remaining. All evaluation tasks gated (#50 P5, #52 P4, #67 P3, #53-56 P3, #63 P3, #66 P2).
- **mtap-prmt5-nsclc-sl** (planning): PM task #68 pending coordination.
- **pancancer-ferroptosis-atlas** (planning): PM task #69 pending coordination.
- **Candidate: CRC KRAS Atlas DEFERRED** — need CRC cell line count from data_curator (task #81). If ≥30 KRAS-mut CRC lines, launch next run.
- **Candidate: TP53 allele-specific REJECTED** — lower impact, already captured as covariate.
- Olomorasib clinical benchmarks → task #67 exists (KEAP1 ORR 28.6%, STK11 40.5%).
- Zombie workers from prior launches still present (PIDs 74175-74384, 96375-96384). Harmless.
- Run #19: Pipeline completion → task #50 immediately. CRC feasibility check (task #81). PM coordination monitoring.
