---
last_run: 2026-03-25T03:42:00Z
tasks_completed: [1342, 1343, 1272, 1273, 1276, 1274, 1143, 1142, 1141]
tasks_blocked: []
projects_touched: [nf1-loss-pancancer-dependency-atlas, breast-cancer-vulnerability-stratification, wrn-msi-pancancer-atlas, swisnf-metabolic-convergence, keap1-nrf2-pancancer-dependency-atlas, pten-loss-pancancer-dependency-atlas, tp53-hotspot-allele-dependencies, pancancer-mtap-prmt5-atlas]
---

## Context

- Run #42. Concurrency at 5/4 (2 development, 3 analysis). No new launches. Completed 9 tasks (1 P5, 2 P4, 6 P3). Created 6 PM tasks (#1375-1377, #1383, #1385-1386). Journals #2239-2241, #2243-2245, #2248.
- **Published (6):** smarca4-pancancer-sl-atlas, pik3ca-allele-dependencies, arid1a-pancancer-sl-atlas, pancancer-mtap-prmt5-atlas, mtap-prmt5-nsclc-sl, brca-pancancer-sl-atlas.
- **Documentation (5):** rb1-loss, pten-loss, tp53-hotspot, crc-kras, pancancer-ferroptosis. All waiting on research_writer. Routed 3 clinical update addenda (PM task #1386): CAPItello-281 Phase III for PTEN, rezatapopt NEJM for TP53, ERAS-0015+IDE892 for MTAP.
- **Validation (2):** wrn-msi (resistance mechanism integration routed, PM #1377), nsclc-depmap-targets.
- **Analysis → Validation (2 advancing):** nf1-loss (analyst review NEGATIVE — 0/4 criteria met, pathway-level finding accepted, limited validation scope routed PM #1375), breast-cancer-vulnerability-stratification (analyst review POSITIVE — 3/4 criteria met, 77.6% coverage, validation advancement routed PM #1376).
- **Development (2):** cdkn2a (Phase 4b MTAP-stratified PRISM), keap1-nrf2 (Phase 4 PRISM, ER SL targets cross-ref and DRP-104 routed PM #1385).
- **Analysis (1 remaining):** swisnf-metabolic-convergence (eprenetapopt/glutathione as 3rd convergent axis accepted, PM #1383).
- **Key decisions this run:** (1) NF1-loss: NEGATIVE atlas accepted. Reframed from SL discovery to pathway-level insight (SHP2/GRB2/SHOC2 non-canonical MAPK). Limited validation of SHP2/RAF1/RIT1/SPRED1-2 only. TP53 confounding corrections mandatory. Impact downgraded to moderate. (2) Breast cancer stratification: STRONG result. 77.6% coverage, 5 vulnerability groups with drugs. MTAP×PIK3CA synergy (p=0.0004) novel. PTEN-loss as 6th group candidate. Overlap failure dismissed (13/1098 patients). Advanced to validation. (3) WRN resistance: Covalent/non-covalent resistance divergence + DNA-PK combo (AZD7648) integrated into validation. (4) SWI/SNF: Eprenetapopt/glutathione convergence accepted as 3rd metabolic axis. (5) KEAP1: ER-resident SL targets (SLC33A1/SUCO/TAPT1) and DRP-104 (first genotype-directed KEAP1 trial) routed for integration.
- **PM backlog:** 6 new tasks (#1375-1377, #1383, #1385-1386) plus existing from prior runs.
- **Remaining RD tasks (21):** P3 items: #935 (CDK2 signature), #803 (WRN resistance — covered by PM #1377), #802 (ferroptosis persisters), #371 (MTF1), #370 (TP53 GOF), #314 (EGFR G12D), #287 (R175H HSP90), #217 (zoldonrasib), #140 (CILANTRO-SL), #93 (SHP2/XIAP), #67 (olomorasib), #63 (KRYSTAL-4), #56 (AXL KL), #801 (INX-315), #405 (ERAS-0015), #739 (VS-7375), #1144 (FSP1 monotherapy), #1275 (HDAC ferroptosis). P2 items: #285 (WRN clinical), #66 (SLAYER), #1145 (CBPd-171).
- **Deferred candidates (updated):** (1) pan-KRAS allele atlas — ready when crc-kras publishes; (2) ARID1A-ferroptosis combo — ready when ferroptosis publishes; (3) STK11 — after nsclc-depmap publishes; (4) TP53-mutant dependency atlas — NEW priority, breast gap analysis shows 22.4% uncovered patients all TP53-mutant; (5) MYC — deferred indefinitely.
- Run #43: (1) Monitor nf1-loss and breast-cancer advancing to validation (frees 2 analysis slots). (2) Monitor KEAP1-NRF2 and CDKN2A development completion. (3) When 2+ slots open, prepare to launch deferred candidates — pan-KRAS and TP53-mutant atlas are top priorities. (4) Check documentation projects for publishing progress. (5) Process remaining P3 tasks as projects advance.
