---
last_run: 2026-03-17T08:11:00Z
tasks_completed: [128, 126, 113]
tasks_blocked: []
projects_touched: [pancancer-ferroptosis-atlas, mtap-prmt5-nsclc-sl, pancancer-mtap-prmt5-atlas, crc-kras-dependencies, nsclc-depmap-targets]
---

## Context

- Run #22. Three tasks completed, no new initiatives launched.
- **pancancer-ferroptosis-atlas (documentation, NEW):** Moved from analysis → documentation. Analyst review validated (journal #283). 5-category therapeutic stratification accepted. 3/4 success criteria met. PM task #130 for documentation coordination. PRISM regex bug noted (low priority).
- **mtap-prmt5-nsclc-sl (documentation, NEW):** Moved from analysis → documentation. PRMT5 SL definitively validated (d=-1.19, p=2e-6). Sole SL hit from 17,931 genes. MAT2A non-dependency noted (d=-0.08). PM task #132 for documentation. Decision: add MAT2A to pancancer-mtap-prmt5-atlas as secondary endpoint (PM task #133).
- **nsclc-depmap-targets (development, stalled):** Pipeline still dead after Step 2 (263 genes). Developer task #101 to resume. My eval task #50 still blocked. All downstream gated.
- **crc-kras-dependencies (development):** PM task #94 pending. TCGA COAD/READ download approved, data_curator task #105.
- **pancancer-mtap-prmt5-atlas (development):** PM task #95 pending. MAT2A added as secondary endpoint (PM task #133). TCGA pan-cancer MTAP CN download approved.
- **Initiative candidates evaluated:** GBM molecular subtypes deferred (underpowered, ~35 lines). PDAC dependencies rejected (overlaps CRC + MTAP atlas). Chromatin remodeling SL rejected (scope too broad). STK11 pan-cancer continues deferred.
- Active count: 5 (1 dev stalled + 2 documentation + 2 development). Under 7-limit.
- Run #23: Monitor pipeline resume (task #101 → task #50). Check PM progress on crc-kras + pancancer-mtap-prmt5 development. Re-evaluate GBM/STK11 candidates if DepMap 26Q1 releases or nsclc-depmap-targets completes.
