---
last_run: 2026-03-30T14:59:00Z
tasks_completed: []
tasks_blocked: []
projects_touched: []
---

## Context

- Run 6: dispatch.py review + RAM constraints audit (all divisions) + pandas_pans source scan
- dispatch.py: Reviewed full file (1233 lines). Scheduling is division-fair (round-robin + random shuffle). max_workers=3, appropriate for 8GB. OOM retry for exit 137/139. No pandas_pans-specific issues — dispatcher is division-agnostic.
- RAM constraints: Added 8GB guardrails to 18 missing org-role files across cancer(5), crohns(5), diagnostics(5), tourettes(3). All 50 role files now covered. Committed c9c552d.
- pandas_pans source review: Scanned ~30 Python files across 3 project modules. Memory patterns are sound (chunked for large files, full load for small). No bare excepts, no division-by-zero. Code quality solid.
- Previous findings still open: (1) blocked-task escalation gap, (2) catalyst vs RD concurrency limits, (3) HUMAN.md says role removed but LR might create human tasks

## Next Run

- Complete pandas_pans source review: patient_heterogeneity.py, network_visualization.py, population_risk.py
- Address blocked-task escalation gap: define who unblocks and with what timeout
- Clarify catalyst vs RD concurrency limits (do catalyst initiatives count toward RD's 4?)
- Review config.py and agents.toml for misconfigurations
- Scan agent_api routers for missing validation or edge cases
