---
last_run: 2026-03-30T15:10:00Z
tasks_completed: []
tasks_blocked: []
projects_touched: []
---

## Context

- Run 6: fixed dispatch.py git-push-without-pull (added pull --rebase before push), fixed ilincs_client.py unsafe float conversion on concordance sort
- Scanned: scripts/crohns_biological_validation.py (clean), cd_fibrosis/ilincs_client.py, geo.py, bulk_signature.py
- microbiome_metabolome_subtyping and nod2_variant dirs do not exist yet (planned but not created)
- Areas scanned total: flare_prediction/ (1-3), agent_api/ (2,5), dispatch.py (2,4,6), config (3), mcp_server.py (4), cd_fibrosis/ (4,6), src/crohns/ (4-5), cd_gpx4/ (5), cd_epithelial_reserve/ (5), il23_response_atlas/ (5), crohns scripts (6)
- Outstanding low-priority: TOCTOU race in API update endpoints, geo.py HTML parsing fragility, cd_fibrosis bulk_signature edge cases
- Next: scan any new crohns pipelines/scripts added since last run, revisit dispatch.py for other edge cases, scan sepsis division code if cross-division scan needed
