---
last_run: 2026-03-31T17:15:00Z
tasks_completed: []
tasks_blocked: []
projects_touched: []
---

## Context

- Seventh run in diagnostics division. Completed sepsis calibration/validation scan + fp_mining crc_adapter.
- **Fixed this run (2 commits):**
  - `temporal_validation.py`, `external_validation.py`: l1_ratio=1.0 without penalty="l1" → silent L2 instead of intended L1. Fixed by adding penalty="l1".
  - `conformal.py`, `post_hoc.py`, `alarm_burden.py`, `temporal_validation.py`, `external_validation.py`: All-NaN columns after SimpleImputer → NaN through StandardScaler into LR. Same fix pattern as temporal.py/ensemble.py from run 6. For external_validation, nan_cols_lr mask propagated from training to evaluation.
- **Reviewed and safe (no fix needed):**
  - conformal.py (core logic), post_hoc.py, fairness.py, alarm_burden.py (core logic), temporal_validation.py, external_validation.py, explainability.py, fp_mining/adapters/crc_adapter.py
- **Modules fully scanned:**
  - pandas_pans (15 files): completed run 5
  - CRC liquid biopsy (3 files): completed run 5
  - Sepsis models (4 files): temporal, lr_baseline, gbm, ensemble (run 6)
  - Sepsis dataset.py: clean (run 6)
  - fp_mining (6 files): extract, profile, longitudinal, cluster, sepsis_adapter (run 6), crc_adapter (run 7)
  - Sepsis calibration (4 files): calibration.py (run 6), conformal, post_hoc, alarm_burden (run 7)
  - Sepsis validation (3 files): temporal_validation, external_validation, explainability (run 7)
  - Sepsis fairness: fairness.py (run 7)
- **Remaining priorities (next run):**
  - **torch.load security:** 6 retinal files use `weights_only=False`. Consider migrating.
  - **Retinal:** Fragile DRDataset.__new__; silent zero-fill on failed image load; large catalog memory risk.
  - **Projects table PK:** Cross-division collision risk. Needs migration plan (API + DB schema).
  - **Diagnostics scan complete** for sepsis + fp_mining. Next: retinal module, then cross-cutting concerns.
