---
last_run: 2026-03-19T21:15:00Z
tasks_completed: []
tasks_blocked: []
projects_touched: [ts-striatal-interneuron-pathology]
---

## Context

- Second run in tourettes division. Scanned drug_repurposing code, data/tourettes modules, and LDSC/S-LDSC pipelines.
- Fixed CRITICAL: LDSC/S-LDSC np.diag(w) creating N×N dense matrices (7.5 TB for 1M SNPs); replaced with element-wise ops
- Fixed MAJOR: network_proximity.py set(G.nodes()) recomputed ~1000x in hot loop + replaced per-pair shortest paths with multi-source Dijkstra
- Fixed MINOR: download_chembl.py string comparison for max_phase filtering
- Clean: gene_sets.py, neuroimmune download modules (well-structured, proper streaming/caching)
- Note: download_file() duplicated across 3 neuroimmune modules (minor, not worth refactoring now)
- Next run: scan convergent_polypharmacology pipeline, developmental_trajectory modules, ts_gwas_functional_annotation, striosomal_matrix code
- Backlog: MTX file pairing in download.py, gene symbol validation, unit tests for core algorithms
