---
last_run: 2026-03-31T17:04:00Z
tasks_completed: []
tasks_blocked: []
projects_touched: []
---

## Context

- Seventh run in tourettes division. Focus: config review + MCP server analysis.
- Fixed MAJOR: config.py API_PREFIX env var was silently overridden by agents.toml — TOML value unconditionally overwrote env var. Fixed to use TOML as default for os.environ.get(), respecting standard env > file > defaults precedence.
- Fixed MINOR: mcp package was in research optional deps but is core infrastructure for the MCP server all agents use. Moved to base dependencies in pyproject.toml.
- Noted MINOR (not changed): retry_delays last value 1000 — doubling pattern (60/300/600) suggests 1800 may have been intended. Clamping logic handles it fine.
- agents.toml: consistent across 5 divisions × 10 roles. No issues.
- .mcp.json: clean, single server config. No issues.
- mcp_server.py: solid error handling, path traversal protection, GitHub tool validation. No issues.
- Areas fully analyzed: agents.toml, pyproject.toml, .mcp.json, config.py, mcp_server.py, dispatch.py, agent_api routers (run 6), agent roles (run 5), source modules (runs 1-4)
- Backlog carried forward: MTX file pairing in download.py, gene symbol validation, unit tests for core algorithms
- Backlog from run 5: PM ↔ data_curator workflow gap, analyst escalation path ambiguity, concurrency limit overlap, validation restart workflow undocumented, task dedup strategy missing
- Next run: tackle source code backlog items (MTX file pairing, gene symbol validation) or unit tests for core algorithms
