---
last_run: 2026-03-19T18:00:00Z
tasks_completed: []
tasks_blocked: []
projects_touched: []
---

## Context

- Run 2: agent role definitions review for pandas_pans division
- Reviewed all 11 role files, dispatch.py, agents.toml, config.py
- Fixed 4 issues in role definitions:
  - DEVELOPER.md: scope rule contradicted itself — line 90 blocked writing to src/bioagentics/pandas_pans/ despite line 17 allowing it
  - DATA_CURATOR.md: typo "imm port" → "immport" in example path
  - VALIDATION_SCIENTIST.md: inconsistent header **Role:** → **Agent Role:**
  - RESEARCH_WRITER.md: missing Agent Role line
- dispatch.py: no issues found — good fairness, retry logic, pipeline advancement
- agents.toml: no issues, all 5 divisions properly configured
- Note: same DEVELOPER.md scope bug exists in other 4 divisions (cancer, crohns, tourettes, diagnostics) — out of scope for pandas_pans SE
- Note: MCP coordination tools were unavailable this run (server not running)
- Minor: _benjamini_hochberg still duplicated in 4 source files (from run 1, low priority)

## Next Run

- Source code scan of src/pandas_pans/ project pipelines (autoantibody_target_network_mapping, hla_peptide_presentation_modeling, innate_immunity_deficiency_model)
- Review MCP server code (src/bioagentics/mcp_server.py)
- Consider extracting shared _benjamini_hochberg utility
- Check if DEVELOPER.md scope bug should be escalated for other divisions
