---
last_run: 2026-03-31T17:10:00Z
tasks_completed: []
tasks_blocked: []
projects_touched: []
---

## Context

- Run 7: scanned 5 new crohns pipeline dirs (anti_tnf_response_prediction, cd_flare_longitudinal_prediction, cd_stricture_risk_prediction, microbiome_metabolome_subtyping, nod2_variant_functional_impact)
- Fixed: removed duplicate download_data.py in cd_flare_longitudinal_prediction, replaced fragile str(x)=="nan" with pd.isna() in nod2/01_data_collection.py, eliminated double _parse_protein_change() call in nod2/06_training_set.py
- Areas scanned total: flare_prediction/ (1-3), agent_api/ (2,5), dispatch.py (2,4,6), config (3,7), mcp_server.py (4), cd_fibrosis/ (4,6), src/crohns/ (4-5), cd_gpx4/ (5), cd_epithelial_reserve/ (5), il23_response_atlas/ (5), crohns scripts (6), anti_tnf_response_prediction (7), cd_flare_longitudinal_prediction (7), cd_stricture_risk_prediction (7), microbiome_metabolome_subtyping (7), nod2_variant_functional_impact (7)
- Outstanding low-priority: TOCTOU race in API update endpoints, geo.py HTML parsing fragility, cd_fibrosis bulk_signature edge cases, chunked-but-concat in stricture 02_transcriptomic_features.py, silent dropna in flare 00_download_data.py, float(inf) fold_diff in stricture 03_model_training.py
- Next: revisit dispatch.py for edge cases, scan cd_fibrosis/cd_stricture new scripts if added, cross-division scan of sepsis/diagnostics code
