---
last_run: 2026-03-27T04:28:00Z
tasks_completed: [1442]
tasks_blocked: []
projects_touched: [nsclc-depmap-targets]
---

## Context

- nsclc-depmap-targets: Project in `development` status. 1 pending validation task completed this run.
- **Task #1442 (P3) APPROVED:** SLC16A3/AZD0095 drug mapping update. AZD0095 (MCT4 inhibitor, IC50=1.3nM, PMID:36525250) correctly added to DRUG_TARGET_MAP. Composite scores independently verified: KL=50.83 (#3), KP=44.65 (#3), KOnly=40.09 (#4). Score delta entirely from score_drug=20. Direction filters pass (all negative effects). Preclinical stage appropriate and consistent with BI-7273, AU-15330, IMP-1088 entries. SLC16A3 now dual-track: Tier 1 biomarker + #3 KL therapeutic target.
- All prior validations (tasks #987, #1095, #989, #988) remain approved. Task #1351 (analyst AZD0095 investigation) is now resolved by this validation.
- Key validation journals: #2190, #2195, #2197, #2200, #2430.
- No remaining pending tasks for validation_scientist on this project.
