---
last_run: 2026-03-18T03:00:00Z
tasks_completed: [853]
tasks_blocked: []
projects_touched: [microbiome-metabolome-subtyping]
---

## Context

- microbiome-metabolome-subtyping: Full pipeline validation completed — APPROVED
- Reviewed 8 modules (3,714 LOC): hmp2_download, hmp2_qc, crohns_differential, crohns_cmtf, crohns_mofa2, crohns_subtyping, crohns_subtype_characterization, crohns_baseline_integration
- 82/82 tests pass, seeds set (42), scientific assertions verified (CLR sums, FDR monotonicity, effect size bounds, consensus matrix properties, PERMANOVA)
- 1 MAJOR issue found: CMTF cross_validate_components() uses training-fitted F_[test_idx] instead of projecting test data → developer fix task #862 created
- Core CMTF model, MOFA2, RDA, sPLS, subtyping, and characterization modules all correct
- Statistical methodology appropriate: Wilcoxon + BH FDR, Cliff's delta, consensus clustering, gap statistic, PERMANOVA confounder check
- Pipeline aligns with research plan: alpha=0.65 weighting, three metabolic axes (Bifidobacterium-TCDCA, Tryptophan-NAD, BCAA), silhouette >0.3 criterion
- Journal entry #1230 has detailed validation report
- Project status: analysis (approved to advance once fix task #862 is complete)
