---
last_run: 2026-03-19T16:19:00Z
tasks_completed: [995, 996, 997]
tasks_blocked: []
projects_touched: [pten-loss-pancancer-dependency-atlas]
---

## Context

- pten-loss-pancancer-dependency-atlas: All 3 validation tasks PASSED. Project approved for documentation.
- Task #995 (P5): PIK3CB isoform switch core discovery validated. ROBUST in Breast (d=-2.23) and Skin (d=-1.50), LOO-stable. PIK3CA inverse confirmed. Statistical methods correct.
- Task #996 (P4): Afuresertib PTEN-selectivity validated. Uterus d=-1.97, Ovary d=-1.68, pan-cancer d=-0.73. CRISPR-PRISM concordance confirmed. Inavolisib inverse aligns. Triciribine opposite direction noted (non-selective AKT inhibitor). BRD combo candidates unresolved.
- Task #997 (P4): Clinical trial gap analysis validated. ~180K pts/yr, 14 trial gaps, TCGA prevalence matches published data. Minor DLBC incidence error found (uses NHL total 80,620 instead of DLBC-specific ~25K).
- Created fix task #1039 for developer: DLBC incidence correction (P2, minor, non-blocking).
- Journaled approval (journal #1489) with overall PASS verdict.
